Archive member included to satisfy reference by file (symbol)

d:/penn learning/meam510/software/7.0/toolchain/avr8/avr8-gnu-toolchain/bin/../lib/gcc/avr/4.9.2/../../../../avr/lib/avr5\libm.a(acos.o)
                              localization.o (acos)
d:/penn learning/meam510/software/7.0/toolchain/avr8/avr8-gnu-toolchain/bin/../lib/gcc/avr/4.9.2/../../../../avr/lib/avr5\libm.a(addsf3.o)
                              localization.o (__subsf3)
d:/penn learning/meam510/software/7.0/toolchain/avr8/avr8-gnu-toolchain/bin/../lib/gcc/avr/4.9.2/../../../../avr/lib/avr5\libm.a(addsf3x.o)
                              d:/penn learning/meam510/software/7.0/toolchain/avr8/avr8-gnu-toolchain/bin/../lib/gcc/avr/4.9.2/../../../../avr/lib/avr5\libm.a(acos.o) (__addsf3x)
d:/penn learning/meam510/software/7.0/toolchain/avr8/avr8-gnu-toolchain/bin/../lib/gcc/avr/4.9.2/../../../../avr/lib/avr5\libm.a(cmpsf2.o)
                              localization.o (__nesf2)
d:/penn learning/meam510/software/7.0/toolchain/avr8/avr8-gnu-toolchain/bin/../lib/gcc/avr/4.9.2/../../../../avr/lib/avr5\libm.a(divsf3.o)
                              localization.o (__divsf3)
d:/penn learning/meam510/software/7.0/toolchain/avr8/avr8-gnu-toolchain/bin/../lib/gcc/avr/4.9.2/../../../../avr/lib/avr5\libm.a(divsf3x.o)
                              d:/penn learning/meam510/software/7.0/toolchain/avr8/avr8-gnu-toolchain/bin/../lib/gcc/avr/4.9.2/../../../../avr/lib/avr5\libm.a(divsf3.o) (__divsf3x)
d:/penn learning/meam510/software/7.0/toolchain/avr8/avr8-gnu-toolchain/bin/../lib/gcc/avr/4.9.2/../../../../avr/lib/avr5\libm.a(fixsfsi.o)
                              findPuck.o (__fixsfsi)
d:/penn learning/meam510/software/7.0/toolchain/avr8/avr8-gnu-toolchain/bin/../lib/gcc/avr/4.9.2/../../../../avr/lib/avr5\libm.a(fixunssfsi.o)
                              d:/penn learning/meam510/software/7.0/toolchain/avr8/avr8-gnu-toolchain/bin/../lib/gcc/avr/4.9.2/../../../../avr/lib/avr5\libm.a(fixsfsi.o) (__fixunssfsi)
d:/penn learning/meam510/software/7.0/toolchain/avr8/avr8-gnu-toolchain/bin/../lib/gcc/avr/4.9.2/../../../../avr/lib/avr5\libm.a(floatsisf.o)
                              findPuck.o (__floatunsisf)
d:/penn learning/meam510/software/7.0/toolchain/avr8/avr8-gnu-toolchain/bin/../lib/gcc/avr/4.9.2/../../../../avr/lib/avr5\libm.a(fp_arccos.o)
                              d:/penn learning/meam510/software/7.0/toolchain/avr8/avr8-gnu-toolchain/bin/../lib/gcc/avr/4.9.2/../../../../avr/lib/avr5\libm.a(acos.o) (__fp_arccos)
d:/penn learning/meam510/software/7.0/toolchain/avr8/avr8-gnu-toolchain/bin/../lib/gcc/avr/4.9.2/../../../../avr/lib/avr5\libm.a(fp_cmp.o)
                              d:/penn learning/meam510/software/7.0/toolchain/avr8/avr8-gnu-toolchain/bin/../lib/gcc/avr/4.9.2/../../../../avr/lib/avr5\libm.a(cmpsf2.o) (__fp_cmp)
d:/penn learning/meam510/software/7.0/toolchain/avr8/avr8-gnu-toolchain/bin/../lib/gcc/avr/4.9.2/../../../../avr/lib/avr5\libm.a(fp_inf.o)
                              d:/penn learning/meam510/software/7.0/toolchain/avr8/avr8-gnu-toolchain/bin/../lib/gcc/avr/4.9.2/../../../../avr/lib/avr5\libm.a(addsf3x.o) (__fp_inf)
d:/penn learning/meam510/software/7.0/toolchain/avr8/avr8-gnu-toolchain/bin/../lib/gcc/avr/4.9.2/../../../../avr/lib/avr5\libm.a(fp_nan.o)
                              d:/penn learning/meam510/software/7.0/toolchain/avr8/avr8-gnu-toolchain/bin/../lib/gcc/avr/4.9.2/../../../../avr/lib/avr5\libm.a(addsf3x.o) (__fp_nan)
d:/penn learning/meam510/software/7.0/toolchain/avr8/avr8-gnu-toolchain/bin/../lib/gcc/avr/4.9.2/../../../../avr/lib/avr5\libm.a(fp_powser.o)
                              d:/penn learning/meam510/software/7.0/toolchain/avr8/avr8-gnu-toolchain/bin/../lib/gcc/avr/4.9.2/../../../../avr/lib/avr5\libm.a(fp_arccos.o) (__fp_powser)
d:/penn learning/meam510/software/7.0/toolchain/avr8/avr8-gnu-toolchain/bin/../lib/gcc/avr/4.9.2/../../../../avr/lib/avr5\libm.a(fp_pscA.o)
                              d:/penn learning/meam510/software/7.0/toolchain/avr8/avr8-gnu-toolchain/bin/../lib/gcc/avr/4.9.2/../../../../avr/lib/avr5\libm.a(addsf3x.o) (__fp_pscA)
d:/penn learning/meam510/software/7.0/toolchain/avr8/avr8-gnu-toolchain/bin/../lib/gcc/avr/4.9.2/../../../../avr/lib/avr5\libm.a(fp_pscB.o)
                              d:/penn learning/meam510/software/7.0/toolchain/avr8/avr8-gnu-toolchain/bin/../lib/gcc/avr/4.9.2/../../../../avr/lib/avr5\libm.a(addsf3x.o) (__fp_pscB)
d:/penn learning/meam510/software/7.0/toolchain/avr8/avr8-gnu-toolchain/bin/../lib/gcc/avr/4.9.2/../../../../avr/lib/avr5\libm.a(fp_round.o)
                              d:/penn learning/meam510/software/7.0/toolchain/avr8/avr8-gnu-toolchain/bin/../lib/gcc/avr/4.9.2/../../../../avr/lib/avr5\libm.a(acos.o) (__fp_round)
d:/penn learning/meam510/software/7.0/toolchain/avr8/avr8-gnu-toolchain/bin/../lib/gcc/avr/4.9.2/../../../../avr/lib/avr5\libm.a(fp_split3.o)
                              d:/penn learning/meam510/software/7.0/toolchain/avr8/avr8-gnu-toolchain/bin/../lib/gcc/avr/4.9.2/../../../../avr/lib/avr5\libm.a(addsf3x.o) (__fp_split3)
d:/penn learning/meam510/software/7.0/toolchain/avr8/avr8-gnu-toolchain/bin/../lib/gcc/avr/4.9.2/../../../../avr/lib/avr5\libm.a(fp_zero.o)
                              d:/penn learning/meam510/software/7.0/toolchain/avr8/avr8-gnu-toolchain/bin/../lib/gcc/avr/4.9.2/../../../../avr/lib/avr5\libm.a(addsf3x.o) (__fp_zero)
d:/penn learning/meam510/software/7.0/toolchain/avr8/avr8-gnu-toolchain/bin/../lib/gcc/avr/4.9.2/../../../../avr/lib/avr5\libm.a(gesf2.o)
                              localization.o (__gtsf2)
d:/penn learning/meam510/software/7.0/toolchain/avr8/avr8-gnu-toolchain/bin/../lib/gcc/avr/4.9.2/../../../../avr/lib/avr5\libm.a(mulsf3.o)
                              findPuck.o (__mulsf3)
d:/penn learning/meam510/software/7.0/toolchain/avr8/avr8-gnu-toolchain/bin/../lib/gcc/avr/4.9.2/../../../../avr/lib/avr5\libm.a(mulsf3x.o)
                              d:/penn learning/meam510/software/7.0/toolchain/avr8/avr8-gnu-toolchain/bin/../lib/gcc/avr/4.9.2/../../../../avr/lib/avr5\libm.a(fp_arccos.o) (__mulsf3x)
d:/penn learning/meam510/software/7.0/toolchain/avr8/avr8-gnu-toolchain/bin/../lib/gcc/avr/4.9.2/../../../../avr/lib/avr5\libm.a(sqrt.o)
                              localization.o (sqrt)
d:/penn learning/meam510/software/7.0/toolchain/avr8/avr8-gnu-toolchain/bin/../lib/gcc/avr/4.9.2/../../../../avr/lib/avr5\libm.a(fp_mpack.o)
                              d:/penn learning/meam510/software/7.0/toolchain/avr8/avr8-gnu-toolchain/bin/../lib/gcc/avr/4.9.2/../../../../avr/lib/avr5\libm.a(sqrt.o) (__fp_mpack)
d:/penn learning/meam510/software/7.0/toolchain/avr8/avr8-gnu-toolchain/bin/../lib/gcc/avr/4.9.2/../../../../avr/lib/avr5\libm.a(fp_norm2.o)
                              d:/penn learning/meam510/software/7.0/toolchain/avr8/avr8-gnu-toolchain/bin/../lib/gcc/avr/4.9.2/../../../../avr/lib/avr5\libm.a(sqrt.o) (__fp_norm2)
d:/penn learning/meam510/software/7.0/toolchain/avr8/avr8-gnu-toolchain/bin/../lib/gcc/avr/4.9.2/avr5\libgcc.a(_divmodhi4.o)
                              findPuck.o (__divmodhi4)
d:/penn learning/meam510/software/7.0/toolchain/avr8/avr8-gnu-toolchain/bin/../lib/gcc/avr/4.9.2/avr5\libgcc.a(_exit.o)
                              D:/Penn Learning/MEAM510/Software/7.0/Packs/atmel/ATmega_DFP/1.0.90/gcc/dev/atmega32u4/avr5/crtatmega32u4.o (exit)
d:/penn learning/meam510/software/7.0/toolchain/avr8/avr8-gnu-toolchain/bin/../lib/gcc/avr/4.9.2/avr5\libgcc.a(_tablejump2.o)
                              findPuck.o (__tablejump2__)
d:/penn learning/meam510/software/7.0/toolchain/avr8/avr8-gnu-toolchain/bin/../lib/gcc/avr/4.9.2/avr5\libgcc.a(_copy_data.o)
                              findPuck.o (__do_copy_data)
d:/penn learning/meam510/software/7.0/toolchain/avr8/avr8-gnu-toolchain/bin/../lib/gcc/avr/4.9.2/avr5\libgcc.a(_clear_bss.o)
                              findPuck.o (__do_clear_bss)
d:/penn learning/meam510/software/7.0/toolchain/avr8/avr8-gnu-toolchain/bin/../lib/gcc/avr/4.9.2/avr5\libgcc.a(_udivmodhi4.o)
                              d:/penn learning/meam510/software/7.0/toolchain/avr8/avr8-gnu-toolchain/bin/../lib/gcc/avr/4.9.2/avr5\libgcc.a(_divmodhi4.o) (__udivmodhi4)
d:/penn learning/meam510/software/7.0/toolchain/avr8/avr8-gnu-toolchain/bin/../lib/gcc/avr/4.9.2/../../../../avr/lib/avr5\libc.a(itoa_ncheck.o)
                              m_usb.o (__itoa_ncheck)
d:/penn learning/meam510/software/7.0/toolchain/avr8/avr8-gnu-toolchain/bin/../lib/gcc/avr/4.9.2/../../../../avr/lib/avr5\libc.a(ltoa_ncheck.o)
                              m_usb.o (__ltoa_ncheck)
d:/penn learning/meam510/software/7.0/toolchain/avr8/avr8-gnu-toolchain/bin/../lib/gcc/avr/4.9.2/../../../../avr/lib/avr5\libc.a(ultoa_ncheck.o)
                              m_usb.o (__ultoa_ncheck)
d:/penn learning/meam510/software/7.0/toolchain/avr8/avr8-gnu-toolchain/bin/../lib/gcc/avr/4.9.2/../../../../avr/lib/avr5\libc.a(utoa_ncheck.o)
                              m_usb.o (__utoa_ncheck)
d:/penn learning/meam510/software/7.0/toolchain/avr8/avr8-gnu-toolchain/bin/../lib/gcc/avr/4.9.2/../../../../avr/lib/avr5\libc.a(strrev.o)
                              d:/penn learning/meam510/software/7.0/toolchain/avr8/avr8-gnu-toolchain/bin/../lib/gcc/avr/4.9.2/../../../../avr/lib/avr5\libc.a(ultoa_ncheck.o) (strrev)

Allocating common symbols
Common symbol       size              file

output              0x2               findPuck.o
input               0x2               findPuck.o
state               0x2               main.o

Discarded input sections

 .data          0x00000000        0x0 D:/Penn Learning/MEAM510/Software/7.0/Packs/atmel/ATmega_DFP/1.0.90/gcc/dev/atmega32u4/avr5/crtatmega32u4.o
 .bss           0x00000000        0x0 D:/Penn Learning/MEAM510/Software/7.0/Packs/atmel/ATmega_DFP/1.0.90/gcc/dev/atmega32u4/avr5/crtatmega32u4.o
 .text          0x00000000        0x0 communication.o
 .data          0x00000000        0x0 communication.o
 .bss           0x00000000        0x0 communication.o
 .text.send_message
                0x00000000       0x42 communication.o
 .progmem.data.__c.2012
                0x00000000        0x9 communication.o
 .progmem.data.__c.2008
                0x00000000        0x9 communication.o
 .debug_info    0x00000000      0x190 communication.o
 .debug_abbrev  0x00000000       0xc7 communication.o
 .debug_loc     0x00000000      0x130 communication.o
 .debug_aranges
                0x00000000       0x20 communication.o
 .debug_ranges  0x00000000       0x10 communication.o
 .debug_line    0x00000000       0x5e communication.o
 .debug_str     0x00000000      0x19f communication.o
 .comment       0x00000000       0x31 communication.o
 .debug_frame   0x00000000       0x24 communication.o
 .text          0x00000000        0x0 findPuck.o
 .data          0x00000000        0x0 findPuck.o
 .bss           0x00000000        0x0 findPuck.o
 .bss.sum_stalk
                0x00000000        0x2 findPuck.o
 .text          0x00000000        0x0 localization.o
 .data          0x00000000        0x0 localization.o
 .bss           0x00000000        0x0 localization.o
 .bss.sum_loc   0x00000000        0x4 localization.o
 .bss.theta     0x00000000        0x4 localization.o
 .data.dist_threshold
                0x00000000        0x2 localization.o
 .text          0x00000000        0x0 main.o
 .data          0x00000000        0x0 main.o
 .bss           0x00000000        0x0 main.o
 .bss.sender_loc
                0x00000000        0x4 main.o
 .bss.senderNo  0x00000000        0x2 main.o
 .text          0x00000000        0x0 m_bus.o
 .data          0x00000000        0x0 m_bus.o
 .bss           0x00000000        0x0 m_bus.o
 .text.twi_read_byte
                0x00000000       0x16 m_bus.o
 .text.twi_stop
                0x00000000        0x8 m_bus.o
 .text.twi_wait_for_ack
                0x00000000       0x26 m_bus.o
 .text.twi_send_byte
                0x00000000       0x1a m_bus.o
 .text.twi_start
                0x00000000       0x5c m_bus.o
 .text.m_read_register
                0x00000000       0x36 m_bus.o
 .text.m_write_register
                0x00000000       0x34 m_bus.o
 .text          0x00000000        0x0 m_rf.o
 .data          0x00000000        0x0 m_rf.o
 .bss           0x00000000        0x0 m_rf.o
 .text.m_rf_send
                0x00000000       0xa2 m_rf.o
 .text          0x00000000        0x0 m_usb.o
 .data          0x00000000        0x0 m_usb.o
 .bss           0x00000000        0x0 m_usb.o
 .text.m_usb_isconnected
                0x00000000        0x6 m_usb.o
 .text.m_usb_rx_char
                0x00000000       0x3c m_usb.o
 .text.m_usb_rx_available
                0x00000000       0x1e m_usb.o
 .text.m_usb_rx_flush
                0x00000000       0x2c m_usb.o
 .text.usb_serial_putchar_nowait
                0x00000000       0x42 m_usb.o
 .text.usb_serial_write
                0x00000000      0x448 m_usb.o
 .progmem.gcc_sw_table.usb_serial_write
                0x00000000       0x82 m_usb.o
 .text.m_usb_tx_push
                0x00000000       0x20 m_usb.o
 .text.usb_serial_get_stopbits
                0x00000000        0x6 m_usb.o
 .text.usb_serial_get_paritytype
                0x00000000        0x6 m_usb.o
 .text.usb_serial_get_numbits
                0x00000000        0x6 m_usb.o
 .text.usb_serial_get_control
                0x00000000        0x6 m_usb.o
 .text.usb_serial_set_control
                0x00000000       0x50 m_usb.o
 .text.phex1    0x00000000       0x12 m_usb.o
 .text.phex     0x00000000       0x18 m_usb.o
 .text.m_usb_tx_hex
                0x00000000       0x14 m_usb.o
 .text.m_usb_tx_hexchar
                0x00000000        0x6 m_usb.o
 .text.m_usb_tx_uint
                0x00000000       0x62 m_usb.o
 .text.m_usb_tx_long
                0x00000000       0x68 m_usb.o
 .text.m_usb_tx_ulong
                0x00000000       0x68 m_usb.o
 .text          0x00000000        0x0 m_wii.o
 .data          0x00000000        0x0 m_wii.o
 .bss           0x00000000        0x0 m_wii.o
 .text.end      0x00000000        0x8 m_wii.o
 .text          0x00000000        0x0 d:/penn learning/meam510/software/7.0/toolchain/avr8/avr8-gnu-toolchain/bin/../lib/gcc/avr/4.9.2/../../../../avr/lib/avr5\libm.a(acos.o)
 .data          0x00000000        0x0 d:/penn learning/meam510/software/7.0/toolchain/avr8/avr8-gnu-toolchain/bin/../lib/gcc/avr/4.9.2/../../../../avr/lib/avr5\libm.a(acos.o)
 .bss           0x00000000        0x0 d:/penn learning/meam510/software/7.0/toolchain/avr8/avr8-gnu-toolchain/bin/../lib/gcc/avr/4.9.2/../../../../avr/lib/avr5\libm.a(acos.o)
 .text          0x00000000        0x0 d:/penn learning/meam510/software/7.0/toolchain/avr8/avr8-gnu-toolchain/bin/../lib/gcc/avr/4.9.2/../../../../avr/lib/avr5\libm.a(addsf3.o)
 .data          0x00000000        0x0 d:/penn learning/meam510/software/7.0/toolchain/avr8/avr8-gnu-toolchain/bin/../lib/gcc/avr/4.9.2/../../../../avr/lib/avr5\libm.a(addsf3.o)
 .bss           0x00000000        0x0 d:/penn learning/meam510/software/7.0/toolchain/avr8/avr8-gnu-toolchain/bin/../lib/gcc/avr/4.9.2/../../../../avr/lib/avr5\libm.a(addsf3.o)
 .text          0x00000000        0x0 d:/penn learning/meam510/software/7.0/toolchain/avr8/avr8-gnu-toolchain/bin/../lib/gcc/avr/4.9.2/../../../../avr/lib/avr5\libm.a(addsf3x.o)
 .data          0x00000000        0x0 d:/penn learning/meam510/software/7.0/toolchain/avr8/avr8-gnu-toolchain/bin/../lib/gcc/avr/4.9.2/../../../../avr/lib/avr5\libm.a(addsf3x.o)
 .bss           0x00000000        0x0 d:/penn learning/meam510/software/7.0/toolchain/avr8/avr8-gnu-toolchain/bin/../lib/gcc/avr/4.9.2/../../../../avr/lib/avr5\libm.a(addsf3x.o)
 .text          0x00000000        0x0 d:/penn learning/meam510/software/7.0/toolchain/avr8/avr8-gnu-toolchain/bin/../lib/gcc/avr/4.9.2/../../../../avr/lib/avr5\libm.a(cmpsf2.o)
 .data          0x00000000        0x0 d:/penn learning/meam510/software/7.0/toolchain/avr8/avr8-gnu-toolchain/bin/../lib/gcc/avr/4.9.2/../../../../avr/lib/avr5\libm.a(cmpsf2.o)
 .bss           0x00000000        0x0 d:/penn learning/meam510/software/7.0/toolchain/avr8/avr8-gnu-toolchain/bin/../lib/gcc/avr/4.9.2/../../../../avr/lib/avr5\libm.a(cmpsf2.o)
 .text          0x00000000        0x0 d:/penn learning/meam510/software/7.0/toolchain/avr8/avr8-gnu-toolchain/bin/../lib/gcc/avr/4.9.2/../../../../avr/lib/avr5\libm.a(divsf3.o)
 .data          0x00000000        0x0 d:/penn learning/meam510/software/7.0/toolchain/avr8/avr8-gnu-toolchain/bin/../lib/gcc/avr/4.9.2/../../../../avr/lib/avr5\libm.a(divsf3.o)
 .bss           0x00000000        0x0 d:/penn learning/meam510/software/7.0/toolchain/avr8/avr8-gnu-toolchain/bin/../lib/gcc/avr/4.9.2/../../../../avr/lib/avr5\libm.a(divsf3.o)
 .text          0x00000000        0x0 d:/penn learning/meam510/software/7.0/toolchain/avr8/avr8-gnu-toolchain/bin/../lib/gcc/avr/4.9.2/../../../../avr/lib/avr5\libm.a(divsf3x.o)
 .data          0x00000000        0x0 d:/penn learning/meam510/software/7.0/toolchain/avr8/avr8-gnu-toolchain/bin/../lib/gcc/avr/4.9.2/../../../../avr/lib/avr5\libm.a(divsf3x.o)
 .bss           0x00000000        0x0 d:/penn learning/meam510/software/7.0/toolchain/avr8/avr8-gnu-toolchain/bin/../lib/gcc/avr/4.9.2/../../../../avr/lib/avr5\libm.a(divsf3x.o)
 .text          0x00000000        0x0 d:/penn learning/meam510/software/7.0/toolchain/avr8/avr8-gnu-toolchain/bin/../lib/gcc/avr/4.9.2/../../../../avr/lib/avr5\libm.a(fixsfsi.o)
 .data          0x00000000        0x0 d:/penn learning/meam510/software/7.0/toolchain/avr8/avr8-gnu-toolchain/bin/../lib/gcc/avr/4.9.2/../../../../avr/lib/avr5\libm.a(fixsfsi.o)
 .bss           0x00000000        0x0 d:/penn learning/meam510/software/7.0/toolchain/avr8/avr8-gnu-toolchain/bin/../lib/gcc/avr/4.9.2/../../../../avr/lib/avr5\libm.a(fixsfsi.o)
 .text          0x00000000        0x0 d:/penn learning/meam510/software/7.0/toolchain/avr8/avr8-gnu-toolchain/bin/../lib/gcc/avr/4.9.2/../../../../avr/lib/avr5\libm.a(fixunssfsi.o)
 .data          0x00000000        0x0 d:/penn learning/meam510/software/7.0/toolchain/avr8/avr8-gnu-toolchain/bin/../lib/gcc/avr/4.9.2/../../../../avr/lib/avr5\libm.a(fixunssfsi.o)
 .bss           0x00000000        0x0 d:/penn learning/meam510/software/7.0/toolchain/avr8/avr8-gnu-toolchain/bin/../lib/gcc/avr/4.9.2/../../../../avr/lib/avr5\libm.a(fixunssfsi.o)
 .text          0x00000000        0x0 d:/penn learning/meam510/software/7.0/toolchain/avr8/avr8-gnu-toolchain/bin/../lib/gcc/avr/4.9.2/../../../../avr/lib/avr5\libm.a(floatsisf.o)
 .data          0x00000000        0x0 d:/penn learning/meam510/software/7.0/toolchain/avr8/avr8-gnu-toolchain/bin/../lib/gcc/avr/4.9.2/../../../../avr/lib/avr5\libm.a(floatsisf.o)
 .bss           0x00000000        0x0 d:/penn learning/meam510/software/7.0/toolchain/avr8/avr8-gnu-toolchain/bin/../lib/gcc/avr/4.9.2/../../../../avr/lib/avr5\libm.a(floatsisf.o)
 .text          0x00000000        0x0 d:/penn learning/meam510/software/7.0/toolchain/avr8/avr8-gnu-toolchain/bin/../lib/gcc/avr/4.9.2/../../../../avr/lib/avr5\libm.a(fp_arccos.o)
 .data          0x00000000        0x0 d:/penn learning/meam510/software/7.0/toolchain/avr8/avr8-gnu-toolchain/bin/../lib/gcc/avr/4.9.2/../../../../avr/lib/avr5\libm.a(fp_arccos.o)
 .bss           0x00000000        0x0 d:/penn learning/meam510/software/7.0/toolchain/avr8/avr8-gnu-toolchain/bin/../lib/gcc/avr/4.9.2/../../../../avr/lib/avr5\libm.a(fp_arccos.o)
 .text          0x00000000        0x0 d:/penn learning/meam510/software/7.0/toolchain/avr8/avr8-gnu-toolchain/bin/../lib/gcc/avr/4.9.2/../../../../avr/lib/avr5\libm.a(fp_cmp.o)
 .data          0x00000000        0x0 d:/penn learning/meam510/software/7.0/toolchain/avr8/avr8-gnu-toolchain/bin/../lib/gcc/avr/4.9.2/../../../../avr/lib/avr5\libm.a(fp_cmp.o)
 .bss           0x00000000        0x0 d:/penn learning/meam510/software/7.0/toolchain/avr8/avr8-gnu-toolchain/bin/../lib/gcc/avr/4.9.2/../../../../avr/lib/avr5\libm.a(fp_cmp.o)
 .text          0x00000000        0x0 d:/penn learning/meam510/software/7.0/toolchain/avr8/avr8-gnu-toolchain/bin/../lib/gcc/avr/4.9.2/../../../../avr/lib/avr5\libm.a(fp_inf.o)
 .data          0x00000000        0x0 d:/penn learning/meam510/software/7.0/toolchain/avr8/avr8-gnu-toolchain/bin/../lib/gcc/avr/4.9.2/../../../../avr/lib/avr5\libm.a(fp_inf.o)
 .bss           0x00000000        0x0 d:/penn learning/meam510/software/7.0/toolchain/avr8/avr8-gnu-toolchain/bin/../lib/gcc/avr/4.9.2/../../../../avr/lib/avr5\libm.a(fp_inf.o)
 .text          0x00000000        0x0 d:/penn learning/meam510/software/7.0/toolchain/avr8/avr8-gnu-toolchain/bin/../lib/gcc/avr/4.9.2/../../../../avr/lib/avr5\libm.a(fp_nan.o)
 .data          0x00000000        0x0 d:/penn learning/meam510/software/7.0/toolchain/avr8/avr8-gnu-toolchain/bin/../lib/gcc/avr/4.9.2/../../../../avr/lib/avr5\libm.a(fp_nan.o)
 .bss           0x00000000        0x0 d:/penn learning/meam510/software/7.0/toolchain/avr8/avr8-gnu-toolchain/bin/../lib/gcc/avr/4.9.2/../../../../avr/lib/avr5\libm.a(fp_nan.o)
 .text          0x00000000        0x0 d:/penn learning/meam510/software/7.0/toolchain/avr8/avr8-gnu-toolchain/bin/../lib/gcc/avr/4.9.2/../../../../avr/lib/avr5\libm.a(fp_powser.o)
 .data          0x00000000        0x0 d:/penn learning/meam510/software/7.0/toolchain/avr8/avr8-gnu-toolchain/bin/../lib/gcc/avr/4.9.2/../../../../avr/lib/avr5\libm.a(fp_powser.o)
 .bss           0x00000000        0x0 d:/penn learning/meam510/software/7.0/toolchain/avr8/avr8-gnu-toolchain/bin/../lib/gcc/avr/4.9.2/../../../../avr/lib/avr5\libm.a(fp_powser.o)
 .text          0x00000000        0x0 d:/penn learning/meam510/software/7.0/toolchain/avr8/avr8-gnu-toolchain/bin/../lib/gcc/avr/4.9.2/../../../../avr/lib/avr5\libm.a(fp_pscA.o)
 .data          0x00000000        0x0 d:/penn learning/meam510/software/7.0/toolchain/avr8/avr8-gnu-toolchain/bin/../lib/gcc/avr/4.9.2/../../../../avr/lib/avr5\libm.a(fp_pscA.o)
 .bss           0x00000000        0x0 d:/penn learning/meam510/software/7.0/toolchain/avr8/avr8-gnu-toolchain/bin/../lib/gcc/avr/4.9.2/../../../../avr/lib/avr5\libm.a(fp_pscA.o)
 .text          0x00000000        0x0 d:/penn learning/meam510/software/7.0/toolchain/avr8/avr8-gnu-toolchain/bin/../lib/gcc/avr/4.9.2/../../../../avr/lib/avr5\libm.a(fp_pscB.o)
 .data          0x00000000        0x0 d:/penn learning/meam510/software/7.0/toolchain/avr8/avr8-gnu-toolchain/bin/../lib/gcc/avr/4.9.2/../../../../avr/lib/avr5\libm.a(fp_pscB.o)
 .bss           0x00000000        0x0 d:/penn learning/meam510/software/7.0/toolchain/avr8/avr8-gnu-toolchain/bin/../lib/gcc/avr/4.9.2/../../../../avr/lib/avr5\libm.a(fp_pscB.o)
 .text          0x00000000        0x0 d:/penn learning/meam510/software/7.0/toolchain/avr8/avr8-gnu-toolchain/bin/../lib/gcc/avr/4.9.2/../../../../avr/lib/avr5\libm.a(fp_round.o)
 .data          0x00000000        0x0 d:/penn learning/meam510/software/7.0/toolchain/avr8/avr8-gnu-toolchain/bin/../lib/gcc/avr/4.9.2/../../../../avr/lib/avr5\libm.a(fp_round.o)
 .bss           0x00000000        0x0 d:/penn learning/meam510/software/7.0/toolchain/avr8/avr8-gnu-toolchain/bin/../lib/gcc/avr/4.9.2/../../../../avr/lib/avr5\libm.a(fp_round.o)
 .text          0x00000000        0x0 d:/penn learning/meam510/software/7.0/toolchain/avr8/avr8-gnu-toolchain/bin/../lib/gcc/avr/4.9.2/../../../../avr/lib/avr5\libm.a(fp_split3.o)
 .data          0x00000000        0x0 d:/penn learning/meam510/software/7.0/toolchain/avr8/avr8-gnu-toolchain/bin/../lib/gcc/avr/4.9.2/../../../../avr/lib/avr5\libm.a(fp_split3.o)
 .bss           0x00000000        0x0 d:/penn learning/meam510/software/7.0/toolchain/avr8/avr8-gnu-toolchain/bin/../lib/gcc/avr/4.9.2/../../../../avr/lib/avr5\libm.a(fp_split3.o)
 .text          0x00000000        0x0 d:/penn learning/meam510/software/7.0/toolchain/avr8/avr8-gnu-toolchain/bin/../lib/gcc/avr/4.9.2/../../../../avr/lib/avr5\libm.a(fp_zero.o)
 .data          0x00000000        0x0 d:/penn learning/meam510/software/7.0/toolchain/avr8/avr8-gnu-toolchain/bin/../lib/gcc/avr/4.9.2/../../../../avr/lib/avr5\libm.a(fp_zero.o)
 .bss           0x00000000        0x0 d:/penn learning/meam510/software/7.0/toolchain/avr8/avr8-gnu-toolchain/bin/../lib/gcc/avr/4.9.2/../../../../avr/lib/avr5\libm.a(fp_zero.o)
 .text          0x00000000        0x0 d:/penn learning/meam510/software/7.0/toolchain/avr8/avr8-gnu-toolchain/bin/../lib/gcc/avr/4.9.2/../../../../avr/lib/avr5\libm.a(gesf2.o)
 .data          0x00000000        0x0 d:/penn learning/meam510/software/7.0/toolchain/avr8/avr8-gnu-toolchain/bin/../lib/gcc/avr/4.9.2/../../../../avr/lib/avr5\libm.a(gesf2.o)
 .bss           0x00000000        0x0 d:/penn learning/meam510/software/7.0/toolchain/avr8/avr8-gnu-toolchain/bin/../lib/gcc/avr/4.9.2/../../../../avr/lib/avr5\libm.a(gesf2.o)
 .text          0x00000000        0x0 d:/penn learning/meam510/software/7.0/toolchain/avr8/avr8-gnu-toolchain/bin/../lib/gcc/avr/4.9.2/../../../../avr/lib/avr5\libm.a(mulsf3.o)
 .data          0x00000000        0x0 d:/penn learning/meam510/software/7.0/toolchain/avr8/avr8-gnu-toolchain/bin/../lib/gcc/avr/4.9.2/../../../../avr/lib/avr5\libm.a(mulsf3.o)
 .bss           0x00000000        0x0 d:/penn learning/meam510/software/7.0/toolchain/avr8/avr8-gnu-toolchain/bin/../lib/gcc/avr/4.9.2/../../../../avr/lib/avr5\libm.a(mulsf3.o)
 .text          0x00000000        0x0 d:/penn learning/meam510/software/7.0/toolchain/avr8/avr8-gnu-toolchain/bin/../lib/gcc/avr/4.9.2/../../../../avr/lib/avr5\libm.a(mulsf3x.o)
 .data          0x00000000        0x0 d:/penn learning/meam510/software/7.0/toolchain/avr8/avr8-gnu-toolchain/bin/../lib/gcc/avr/4.9.2/../../../../avr/lib/avr5\libm.a(mulsf3x.o)
 .bss           0x00000000        0x0 d:/penn learning/meam510/software/7.0/toolchain/avr8/avr8-gnu-toolchain/bin/../lib/gcc/avr/4.9.2/../../../../avr/lib/avr5\libm.a(mulsf3x.o)
 .text          0x00000000        0x0 d:/penn learning/meam510/software/7.0/toolchain/avr8/avr8-gnu-toolchain/bin/../lib/gcc/avr/4.9.2/../../../../avr/lib/avr5\libm.a(sqrt.o)
 .data          0x00000000        0x0 d:/penn learning/meam510/software/7.0/toolchain/avr8/avr8-gnu-toolchain/bin/../lib/gcc/avr/4.9.2/../../../../avr/lib/avr5\libm.a(sqrt.o)
 .bss           0x00000000        0x0 d:/penn learning/meam510/software/7.0/toolchain/avr8/avr8-gnu-toolchain/bin/../lib/gcc/avr/4.9.2/../../../../avr/lib/avr5\libm.a(sqrt.o)
 .text          0x00000000        0x0 d:/penn learning/meam510/software/7.0/toolchain/avr8/avr8-gnu-toolchain/bin/../lib/gcc/avr/4.9.2/../../../../avr/lib/avr5\libm.a(fp_mpack.o)
 .data          0x00000000        0x0 d:/penn learning/meam510/software/7.0/toolchain/avr8/avr8-gnu-toolchain/bin/../lib/gcc/avr/4.9.2/../../../../avr/lib/avr5\libm.a(fp_mpack.o)
 .bss           0x00000000        0x0 d:/penn learning/meam510/software/7.0/toolchain/avr8/avr8-gnu-toolchain/bin/../lib/gcc/avr/4.9.2/../../../../avr/lib/avr5\libm.a(fp_mpack.o)
 .text          0x00000000        0x0 d:/penn learning/meam510/software/7.0/toolchain/avr8/avr8-gnu-toolchain/bin/../lib/gcc/avr/4.9.2/../../../../avr/lib/avr5\libm.a(fp_norm2.o)
 .data          0x00000000        0x0 d:/penn learning/meam510/software/7.0/toolchain/avr8/avr8-gnu-toolchain/bin/../lib/gcc/avr/4.9.2/../../../../avr/lib/avr5\libm.a(fp_norm2.o)
 .bss           0x00000000        0x0 d:/penn learning/meam510/software/7.0/toolchain/avr8/avr8-gnu-toolchain/bin/../lib/gcc/avr/4.9.2/../../../../avr/lib/avr5\libm.a(fp_norm2.o)
 .text          0x00000000        0x0 d:/penn learning/meam510/software/7.0/toolchain/avr8/avr8-gnu-toolchain/bin/../lib/gcc/avr/4.9.2/avr5\libgcc.a(_divmodhi4.o)
 .data          0x00000000        0x0 d:/penn learning/meam510/software/7.0/toolchain/avr8/avr8-gnu-toolchain/bin/../lib/gcc/avr/4.9.2/avr5\libgcc.a(_divmodhi4.o)
 .bss           0x00000000        0x0 d:/penn learning/meam510/software/7.0/toolchain/avr8/avr8-gnu-toolchain/bin/../lib/gcc/avr/4.9.2/avr5\libgcc.a(_divmodhi4.o)
 .text.libgcc.mul
                0x00000000        0x0 d:/penn learning/meam510/software/7.0/toolchain/avr8/avr8-gnu-toolchain/bin/../lib/gcc/avr/4.9.2/avr5\libgcc.a(_divmodhi4.o)
 .text.libgcc   0x00000000        0x0 d:/penn learning/meam510/software/7.0/toolchain/avr8/avr8-gnu-toolchain/bin/../lib/gcc/avr/4.9.2/avr5\libgcc.a(_divmodhi4.o)
 .text.libgcc.prologue
                0x00000000        0x0 d:/penn learning/meam510/software/7.0/toolchain/avr8/avr8-gnu-toolchain/bin/../lib/gcc/avr/4.9.2/avr5\libgcc.a(_divmodhi4.o)
 .text.libgcc.builtins
                0x00000000        0x0 d:/penn learning/meam510/software/7.0/toolchain/avr8/avr8-gnu-toolchain/bin/../lib/gcc/avr/4.9.2/avr5\libgcc.a(_divmodhi4.o)
 .text.libgcc.fmul
                0x00000000        0x0 d:/penn learning/meam510/software/7.0/toolchain/avr8/avr8-gnu-toolchain/bin/../lib/gcc/avr/4.9.2/avr5\libgcc.a(_divmodhi4.o)
 .text.libgcc.fixed
                0x00000000        0x0 d:/penn learning/meam510/software/7.0/toolchain/avr8/avr8-gnu-toolchain/bin/../lib/gcc/avr/4.9.2/avr5\libgcc.a(_divmodhi4.o)
 .text          0x00000000        0x0 d:/penn learning/meam510/software/7.0/toolchain/avr8/avr8-gnu-toolchain/bin/../lib/gcc/avr/4.9.2/avr5\libgcc.a(_exit.o)
 .data          0x00000000        0x0 d:/penn learning/meam510/software/7.0/toolchain/avr8/avr8-gnu-toolchain/bin/../lib/gcc/avr/4.9.2/avr5\libgcc.a(_exit.o)
 .bss           0x00000000        0x0 d:/penn learning/meam510/software/7.0/toolchain/avr8/avr8-gnu-toolchain/bin/../lib/gcc/avr/4.9.2/avr5\libgcc.a(_exit.o)
 .text.libgcc.mul
                0x00000000        0x0 d:/penn learning/meam510/software/7.0/toolchain/avr8/avr8-gnu-toolchain/bin/../lib/gcc/avr/4.9.2/avr5\libgcc.a(_exit.o)
 .text.libgcc.div
                0x00000000        0x0 d:/penn learning/meam510/software/7.0/toolchain/avr8/avr8-gnu-toolchain/bin/../lib/gcc/avr/4.9.2/avr5\libgcc.a(_exit.o)
 .text.libgcc   0x00000000        0x0 d:/penn learning/meam510/software/7.0/toolchain/avr8/avr8-gnu-toolchain/bin/../lib/gcc/avr/4.9.2/avr5\libgcc.a(_exit.o)
 .text.libgcc.prologue
                0x00000000        0x0 d:/penn learning/meam510/software/7.0/toolchain/avr8/avr8-gnu-toolchain/bin/../lib/gcc/avr/4.9.2/avr5\libgcc.a(_exit.o)
 .text.libgcc.builtins
                0x00000000        0x0 d:/penn learning/meam510/software/7.0/toolchain/avr8/avr8-gnu-toolchain/bin/../lib/gcc/avr/4.9.2/avr5\libgcc.a(_exit.o)
 .text.libgcc.fmul
                0x00000000        0x0 d:/penn learning/meam510/software/7.0/toolchain/avr8/avr8-gnu-toolchain/bin/../lib/gcc/avr/4.9.2/avr5\libgcc.a(_exit.o)
 .text.libgcc.fixed
                0x00000000        0x0 d:/penn learning/meam510/software/7.0/toolchain/avr8/avr8-gnu-toolchain/bin/../lib/gcc/avr/4.9.2/avr5\libgcc.a(_exit.o)
 .text          0x00000000        0x0 d:/penn learning/meam510/software/7.0/toolchain/avr8/avr8-gnu-toolchain/bin/../lib/gcc/avr/4.9.2/avr5\libgcc.a(_tablejump2.o)
 .data          0x00000000        0x0 d:/penn learning/meam510/software/7.0/toolchain/avr8/avr8-gnu-toolchain/bin/../lib/gcc/avr/4.9.2/avr5\libgcc.a(_tablejump2.o)
 .bss           0x00000000        0x0 d:/penn learning/meam510/software/7.0/toolchain/avr8/avr8-gnu-toolchain/bin/../lib/gcc/avr/4.9.2/avr5\libgcc.a(_tablejump2.o)
 .text.libgcc.mul
                0x00000000        0x0 d:/penn learning/meam510/software/7.0/toolchain/avr8/avr8-gnu-toolchain/bin/../lib/gcc/avr/4.9.2/avr5\libgcc.a(_tablejump2.o)
 .text.libgcc.div
                0x00000000        0x0 d:/penn learning/meam510/software/7.0/toolchain/avr8/avr8-gnu-toolchain/bin/../lib/gcc/avr/4.9.2/avr5\libgcc.a(_tablejump2.o)
 .text.libgcc.prologue
                0x00000000        0x0 d:/penn learning/meam510/software/7.0/toolchain/avr8/avr8-gnu-toolchain/bin/../lib/gcc/avr/4.9.2/avr5\libgcc.a(_tablejump2.o)
 .text.libgcc.builtins
                0x00000000        0x0 d:/penn learning/meam510/software/7.0/toolchain/avr8/avr8-gnu-toolchain/bin/../lib/gcc/avr/4.9.2/avr5\libgcc.a(_tablejump2.o)
 .text.libgcc.fmul
                0x00000000        0x0 d:/penn learning/meam510/software/7.0/toolchain/avr8/avr8-gnu-toolchain/bin/../lib/gcc/avr/4.9.2/avr5\libgcc.a(_tablejump2.o)
 .text.libgcc.fixed
                0x00000000        0x0 d:/penn learning/meam510/software/7.0/toolchain/avr8/avr8-gnu-toolchain/bin/../lib/gcc/avr/4.9.2/avr5\libgcc.a(_tablejump2.o)
 .text          0x00000000        0x0 d:/penn learning/meam510/software/7.0/toolchain/avr8/avr8-gnu-toolchain/bin/../lib/gcc/avr/4.9.2/avr5\libgcc.a(_copy_data.o)
 .data          0x00000000        0x0 d:/penn learning/meam510/software/7.0/toolchain/avr8/avr8-gnu-toolchain/bin/../lib/gcc/avr/4.9.2/avr5\libgcc.a(_copy_data.o)
 .bss           0x00000000        0x0 d:/penn learning/meam510/software/7.0/toolchain/avr8/avr8-gnu-toolchain/bin/../lib/gcc/avr/4.9.2/avr5\libgcc.a(_copy_data.o)
 .text.libgcc.mul
                0x00000000        0x0 d:/penn learning/meam510/software/7.0/toolchain/avr8/avr8-gnu-toolchain/bin/../lib/gcc/avr/4.9.2/avr5\libgcc.a(_copy_data.o)
 .text.libgcc.div
                0x00000000        0x0 d:/penn learning/meam510/software/7.0/toolchain/avr8/avr8-gnu-toolchain/bin/../lib/gcc/avr/4.9.2/avr5\libgcc.a(_copy_data.o)
 .text.libgcc   0x00000000        0x0 d:/penn learning/meam510/software/7.0/toolchain/avr8/avr8-gnu-toolchain/bin/../lib/gcc/avr/4.9.2/avr5\libgcc.a(_copy_data.o)
 .text.libgcc.prologue
                0x00000000        0x0 d:/penn learning/meam510/software/7.0/toolchain/avr8/avr8-gnu-toolchain/bin/../lib/gcc/avr/4.9.2/avr5\libgcc.a(_copy_data.o)
 .text.libgcc.builtins
                0x00000000        0x0 d:/penn learning/meam510/software/7.0/toolchain/avr8/avr8-gnu-toolchain/bin/../lib/gcc/avr/4.9.2/avr5\libgcc.a(_copy_data.o)
 .text.libgcc.fmul
                0x00000000        0x0 d:/penn learning/meam510/software/7.0/toolchain/avr8/avr8-gnu-toolchain/bin/../lib/gcc/avr/4.9.2/avr5\libgcc.a(_copy_data.o)
 .text.libgcc.fixed
                0x00000000        0x0 d:/penn learning/meam510/software/7.0/toolchain/avr8/avr8-gnu-toolchain/bin/../lib/gcc/avr/4.9.2/avr5\libgcc.a(_copy_data.o)
 .text          0x00000000        0x0 d:/penn learning/meam510/software/7.0/toolchain/avr8/avr8-gnu-toolchain/bin/../lib/gcc/avr/4.9.2/avr5\libgcc.a(_clear_bss.o)
 .data          0x00000000        0x0 d:/penn learning/meam510/software/7.0/toolchain/avr8/avr8-gnu-toolchain/bin/../lib/gcc/avr/4.9.2/avr5\libgcc.a(_clear_bss.o)
 .bss           0x00000000        0x0 d:/penn learning/meam510/software/7.0/toolchain/avr8/avr8-gnu-toolchain/bin/../lib/gcc/avr/4.9.2/avr5\libgcc.a(_clear_bss.o)
 .text.libgcc.mul
                0x00000000        0x0 d:/penn learning/meam510/software/7.0/toolchain/avr8/avr8-gnu-toolchain/bin/../lib/gcc/avr/4.9.2/avr5\libgcc.a(_clear_bss.o)
 .text.libgcc.div
                0x00000000        0x0 d:/penn learning/meam510/software/7.0/toolchain/avr8/avr8-gnu-toolchain/bin/../lib/gcc/avr/4.9.2/avr5\libgcc.a(_clear_bss.o)
 .text.libgcc   0x00000000        0x0 d:/penn learning/meam510/software/7.0/toolchain/avr8/avr8-gnu-toolchain/bin/../lib/gcc/avr/4.9.2/avr5\libgcc.a(_clear_bss.o)
 .text.libgcc.prologue
                0x00000000        0x0 d:/penn learning/meam510/software/7.0/toolchain/avr8/avr8-gnu-toolchain/bin/../lib/gcc/avr/4.9.2/avr5\libgcc.a(_clear_bss.o)
 .text.libgcc.builtins
                0x00000000        0x0 d:/penn learning/meam510/software/7.0/toolchain/avr8/avr8-gnu-toolchain/bin/../lib/gcc/avr/4.9.2/avr5\libgcc.a(_clear_bss.o)
 .text.libgcc.fmul
                0x00000000        0x0 d:/penn learning/meam510/software/7.0/toolchain/avr8/avr8-gnu-toolchain/bin/../lib/gcc/avr/4.9.2/avr5\libgcc.a(_clear_bss.o)
 .text.libgcc.fixed
                0x00000000        0x0 d:/penn learning/meam510/software/7.0/toolchain/avr8/avr8-gnu-toolchain/bin/../lib/gcc/avr/4.9.2/avr5\libgcc.a(_clear_bss.o)
 .text          0x00000000        0x0 d:/penn learning/meam510/software/7.0/toolchain/avr8/avr8-gnu-toolchain/bin/../lib/gcc/avr/4.9.2/avr5\libgcc.a(_udivmodhi4.o)
 .data          0x00000000        0x0 d:/penn learning/meam510/software/7.0/toolchain/avr8/avr8-gnu-toolchain/bin/../lib/gcc/avr/4.9.2/avr5\libgcc.a(_udivmodhi4.o)
 .bss           0x00000000        0x0 d:/penn learning/meam510/software/7.0/toolchain/avr8/avr8-gnu-toolchain/bin/../lib/gcc/avr/4.9.2/avr5\libgcc.a(_udivmodhi4.o)
 .text.libgcc.mul
                0x00000000        0x0 d:/penn learning/meam510/software/7.0/toolchain/avr8/avr8-gnu-toolchain/bin/../lib/gcc/avr/4.9.2/avr5\libgcc.a(_udivmodhi4.o)
 .text.libgcc   0x00000000        0x0 d:/penn learning/meam510/software/7.0/toolchain/avr8/avr8-gnu-toolchain/bin/../lib/gcc/avr/4.9.2/avr5\libgcc.a(_udivmodhi4.o)
 .text.libgcc.prologue
                0x00000000        0x0 d:/penn learning/meam510/software/7.0/toolchain/avr8/avr8-gnu-toolchain/bin/../lib/gcc/avr/4.9.2/avr5\libgcc.a(_udivmodhi4.o)
 .text.libgcc.builtins
                0x00000000        0x0 d:/penn learning/meam510/software/7.0/toolchain/avr8/avr8-gnu-toolchain/bin/../lib/gcc/avr/4.9.2/avr5\libgcc.a(_udivmodhi4.o)
 .text.libgcc.fmul
                0x00000000        0x0 d:/penn learning/meam510/software/7.0/toolchain/avr8/avr8-gnu-toolchain/bin/../lib/gcc/avr/4.9.2/avr5\libgcc.a(_udivmodhi4.o)
 .text.libgcc.fixed
                0x00000000        0x0 d:/penn learning/meam510/software/7.0/toolchain/avr8/avr8-gnu-toolchain/bin/../lib/gcc/avr/4.9.2/avr5\libgcc.a(_udivmodhi4.o)
 .text          0x00000000        0x0 d:/penn learning/meam510/software/7.0/toolchain/avr8/avr8-gnu-toolchain/bin/../lib/gcc/avr/4.9.2/../../../../avr/lib/avr5\libc.a(itoa_ncheck.o)
 .data          0x00000000        0x0 d:/penn learning/meam510/software/7.0/toolchain/avr8/avr8-gnu-toolchain/bin/../lib/gcc/avr/4.9.2/../../../../avr/lib/avr5\libc.a(itoa_ncheck.o)
 .bss           0x00000000        0x0 d:/penn learning/meam510/software/7.0/toolchain/avr8/avr8-gnu-toolchain/bin/../lib/gcc/avr/4.9.2/../../../../avr/lib/avr5\libc.a(itoa_ncheck.o)
 .text          0x00000000        0x0 d:/penn learning/meam510/software/7.0/toolchain/avr8/avr8-gnu-toolchain/bin/../lib/gcc/avr/4.9.2/../../../../avr/lib/avr5\libc.a(ltoa_ncheck.o)
 .data          0x00000000        0x0 d:/penn learning/meam510/software/7.0/toolchain/avr8/avr8-gnu-toolchain/bin/../lib/gcc/avr/4.9.2/../../../../avr/lib/avr5\libc.a(ltoa_ncheck.o)
 .bss           0x00000000        0x0 d:/penn learning/meam510/software/7.0/toolchain/avr8/avr8-gnu-toolchain/bin/../lib/gcc/avr/4.9.2/../../../../avr/lib/avr5\libc.a(ltoa_ncheck.o)
 .text.avr-libc
                0x00000000       0x1e d:/penn learning/meam510/software/7.0/toolchain/avr8/avr8-gnu-toolchain/bin/../lib/gcc/avr/4.9.2/../../../../avr/lib/avr5\libc.a(ltoa_ncheck.o)
 .text          0x00000000        0x0 d:/penn learning/meam510/software/7.0/toolchain/avr8/avr8-gnu-toolchain/bin/../lib/gcc/avr/4.9.2/../../../../avr/lib/avr5\libc.a(ultoa_ncheck.o)
 .data          0x00000000        0x0 d:/penn learning/meam510/software/7.0/toolchain/avr8/avr8-gnu-toolchain/bin/../lib/gcc/avr/4.9.2/../../../../avr/lib/avr5\libc.a(ultoa_ncheck.o)
 .bss           0x00000000        0x0 d:/penn learning/meam510/software/7.0/toolchain/avr8/avr8-gnu-toolchain/bin/../lib/gcc/avr/4.9.2/../../../../avr/lib/avr5\libc.a(ultoa_ncheck.o)
 .text.avr-libc
                0x00000000       0x44 d:/penn learning/meam510/software/7.0/toolchain/avr8/avr8-gnu-toolchain/bin/../lib/gcc/avr/4.9.2/../../../../avr/lib/avr5\libc.a(ultoa_ncheck.o)
 .text          0x00000000        0x0 d:/penn learning/meam510/software/7.0/toolchain/avr8/avr8-gnu-toolchain/bin/../lib/gcc/avr/4.9.2/../../../../avr/lib/avr5\libc.a(utoa_ncheck.o)
 .data          0x00000000        0x0 d:/penn learning/meam510/software/7.0/toolchain/avr8/avr8-gnu-toolchain/bin/../lib/gcc/avr/4.9.2/../../../../avr/lib/avr5\libc.a(utoa_ncheck.o)
 .bss           0x00000000        0x0 d:/penn learning/meam510/software/7.0/toolchain/avr8/avr8-gnu-toolchain/bin/../lib/gcc/avr/4.9.2/../../../../avr/lib/avr5\libc.a(utoa_ncheck.o)
 .text          0x00000000        0x0 d:/penn learning/meam510/software/7.0/toolchain/avr8/avr8-gnu-toolchain/bin/../lib/gcc/avr/4.9.2/../../../../avr/lib/avr5\libc.a(strrev.o)
 .data          0x00000000        0x0 d:/penn learning/meam510/software/7.0/toolchain/avr8/avr8-gnu-toolchain/bin/../lib/gcc/avr/4.9.2/../../../../avr/lib/avr5\libc.a(strrev.o)
 .bss           0x00000000        0x0 d:/penn learning/meam510/software/7.0/toolchain/avr8/avr8-gnu-toolchain/bin/../lib/gcc/avr/4.9.2/../../../../avr/lib/avr5\libc.a(strrev.o)

Memory Configuration

Name             Origin             Length             Attributes
text             0x00000000         0x00020000         xr
data             0x00800060         0x0000ffa0         rw !x
eeprom           0x00810000         0x00010000         rw !x
fuse             0x00820000         0x00000400         rw !x
lock             0x00830000         0x00000400         rw !x
signature        0x00840000         0x00000400         rw !x
user_signatures  0x00850000         0x00000400         rw !x
*default*        0x00000000         0xffffffff

Linker script and memory map

Address of section .data set to 0x800100
LOAD D:/Penn Learning/MEAM510/Software/7.0/Packs/atmel/ATmega_DFP/1.0.90/gcc/dev/atmega32u4/avr5/crtatmega32u4.o
LOAD communication.o
LOAD findPuck.o
LOAD localization.o
LOAD main.o
LOAD m_bus.o
LOAD m_rf.o
LOAD m_usb.o
LOAD m_wii.o
START GROUP
LOAD d:/penn learning/meam510/software/7.0/toolchain/avr8/avr8-gnu-toolchain/bin/../lib/gcc/avr/4.9.2/../../../../avr/lib/avr5\libm.a
END GROUP
START GROUP
LOAD d:/penn learning/meam510/software/7.0/toolchain/avr8/avr8-gnu-toolchain/bin/../lib/gcc/avr/4.9.2/avr5\libgcc.a
LOAD d:/penn learning/meam510/software/7.0/toolchain/avr8/avr8-gnu-toolchain/bin/../lib/gcc/avr/4.9.2/../../../../avr/lib/avr5\libm.a
LOAD d:/penn learning/meam510/software/7.0/toolchain/avr8/avr8-gnu-toolchain/bin/../lib/gcc/avr/4.9.2/../../../../avr/lib/avr5\libc.a
LOAD D:/Penn Learning/MEAM510/Software/7.0/Packs/atmel/ATmega_DFP/1.0.90/gcc/dev/atmega32u4/avr5\libatmega32u4.a
END GROUP

.hash
 *(.hash)

.dynsym
 *(.dynsym)

.dynstr
 *(.dynstr)

.gnu.version
 *(.gnu.version)

.gnu.version_d
 *(.gnu.version_d)

.gnu.version_r
 *(.gnu.version_r)

.rel.init
 *(.rel.init)

.rela.init
 *(.rela.init)

.rel.text
 *(.rel.text)
 *(.rel.text.*)
 *(.rel.gnu.linkonce.t*)

.rela.text
 *(.rela.text)
 *(.rela.text.*)
 *(.rela.gnu.linkonce.t*)

.rel.fini
 *(.rel.fini)

.rela.fini
 *(.rela.fini)

.rel.rodata
 *(.rel.rodata)
 *(.rel.rodata.*)
 *(.rel.gnu.linkonce.r*)

.rela.rodata
 *(.rela.rodata)
 *(.rela.rodata.*)
 *(.rela.gnu.linkonce.r*)

.rel.data
 *(.rel.data)
 *(.rel.data.*)
 *(.rel.gnu.linkonce.d*)

.rela.data
 *(.rela.data)
 *(.rela.data.*)
 *(.rela.gnu.linkonce.d*)

.rel.ctors
 *(.rel.ctors)

.rela.ctors
 *(.rela.ctors)

.rel.dtors
 *(.rel.dtors)

.rela.dtors
 *(.rela.dtors)

.rel.got
 *(.rel.got)

.rela.got
 *(.rela.got)

.rel.bss
 *(.rel.bss)

.rela.bss
 *(.rela.bss)

.rel.plt
 *(.rel.plt)

.rela.plt
 *(.rela.plt)

.text           0x00000000     0x3bc8
 *(.vectors)
 .vectors       0x00000000       0xac D:/Penn Learning/MEAM510/Software/7.0/Packs/atmel/ATmega_DFP/1.0.90/gcc/dev/atmega32u4/avr5/crtatmega32u4.o
                0x00000000                __vector_default
                0x00000000                __vectors
 *(.vectors)
 *(.progmem.gcc*)
 .progmem.gcc_sw_table.__vector_29
                0x000000ac        0xe findPuck.o
 .progmem.gcc_sw_table.__vector_3
                0x000000ba       0x10 main.o
 .progmem.gcc_fplib
                0x000000ca       0x28 d:/penn learning/meam510/software/7.0/toolchain/avr8/avr8-gnu-toolchain/bin/../lib/gcc/avr/4.9.2/../../../../avr/lib/avr5\libm.a(fp_arccos.o)
                0x000000f2                . = ALIGN (0x2)
                0x000000f2                __trampolines_start = .
 *(.trampolines)
 .trampolines   0x000000f2        0x0 linker stubs
 *(.trampolines*)
                0x000000f2                __trampolines_end = .
 *(.progmem*)
 .progmem.data.__c.2119
                0x000000f2       0x10 findPuck.o
 .progmem.data.__c.2117
                0x00000102        0xf findPuck.o
 .progmem.data.__c.2086
                0x00000111        0xc findPuck.o
 .progmem.data.__c.2084
                0x0000011d        0xb findPuck.o
 .progmem.data.__c.2080
                0x00000128        0x5 findPuck.o
 .progmem.data.__c.2078
                0x0000012d        0xc findPuck.o
 .progmem.data.__c.2076
                0x00000139        0x5 findPuck.o
 .progmem.data.__c.2074
                0x0000013e        0xb findPuck.o
 .progmem.data.__c.2071
                0x00000149        0x2 findPuck.o
 .progmem.data.__c.2069
                0x0000014b        0x3 findPuck.o
 .progmem.data.__c.2067
                0x0000014e       0x13 findPuck.o
 .progmem.data.__c.2063
                0x00000161        0x3 findPuck.o
 .progmem.data.__c.2061
                0x00000164        0x3 findPuck.o
 .progmem.data.__c.2059
                0x00000167        0x7 findPuck.o
 .progmem.data.__c.2057
                0x0000016e        0x3 findPuck.o
 .progmem.data.__c.2055
                0x00000171        0x7 findPuck.o
 .progmem.data.__c.2053
                0x00000178        0x3 findPuck.o
 .progmem.data.__c.2051
                0x0000017b        0x7 findPuck.o
 .progmem.data.__c.2049
                0x00000182        0x3 findPuck.o
 .progmem.data.__c.2047
                0x00000185        0x7 findPuck.o
 .progmem.data.__c.2045
                0x0000018c        0x3 findPuck.o
 .progmem.data.__c.2043
                0x0000018f        0x7 findPuck.o
 .progmem.data.__c.2041
                0x00000196        0x3 findPuck.o
 .progmem.data.__c.2039
                0x00000199        0x7 findPuck.o
 .progmem.data.__c.2037
                0x000001a0        0x3 findPuck.o
 .progmem.data.__c.2035
                0x000001a3        0x7 findPuck.o
 .progmem.data.__c.2033
                0x000001aa        0x3 findPuck.o
 .progmem.data.__c.2166
                0x000001ad        0xb localization.o
 .progmem.data.__c.2164
                0x000001b8        0xc localization.o
 .progmem.data.__c.2162
                0x000001c4        0x2 localization.o
 .progmem.data.__c.2160
                0x000001c6        0xa localization.o
 .progmem.data.__c.2158
                0x000001d0        0x2 localization.o
 .progmem.data.__c.2156
                0x000001d2        0xb localization.o
 .progmem.data.__c.2148
                0x000001dd        0xb localization.o
 .progmem.data.__c.2146
                0x000001e8        0xc localization.o
 .progmem.data.__c.2144
                0x000001f4        0x2 localization.o
 .progmem.data.__c.2142
                0x000001f6        0xa localization.o
 .progmem.data.__c.2140
                0x00000200        0x2 localization.o
 .progmem.data.__c.2138
                0x00000202        0xb localization.o
 .progmem.data.__c.2130
                0x0000020d        0x2 localization.o
 .progmem.data.__c.2128
                0x0000020f        0x8 localization.o
 .progmem.data.__c.2104
                0x00000217        0x2 localization.o
 .progmem.data.__c.2102
                0x00000219        0x8 localization.o
 .progmem.data.__c.2100
                0x00000221       0x11 localization.o
 .progmem.data.__c.2098
                0x00000232        0x2 localization.o
 .progmem.data.__c.2096
                0x00000234        0x5 localization.o
 .progmem.data.__c.2094
                0x00000239        0xc localization.o
 .progmem.data.__c.2066
                0x00000245        0x2 localization.o
 .progmem.data.__c.2064
                0x00000247        0x6 localization.o
 .progmem.data.__c.2114
                0x0000024d        0xb main.o
 .progmem.data.__c.2111
                0x00000258        0xa main.o
 .progmem.data.__c.2108
                0x00000262        0x7 main.o
 .progmem.data.__c.2105
                0x00000269        0x8 main.o
 .progmem.data.__c.2102
                0x00000271        0x8 main.o
 .progmem.data.__c.2099
                0x00000279        0x7 main.o
 .progmem.data.__c.2095
                0x00000280        0xc main.o
 .progmem.data.__c.2086
                0x0000028c        0x2 main.o
 .progmem.data.__c.2084
                0x0000028e        0x3 main.o
 .progmem.data.__c.2082
                0x00000291        0x9 main.o
 .progmem.data.__c.2078
                0x0000029a        0x2 main.o
 .progmem.data.__c.2076
                0x0000029c        0x3 main.o
 .progmem.data.__c.2074
                0x0000029f       0x13 main.o
 .progmem.data.__c.2071
                0x000002b2        0x2 main.o
 .progmem.data.__c.2069
                0x000002b4        0x3 main.o
 .progmem.data.__c.2067
                0x000002b7        0x8 main.o
 .progmem.data.__c.2060
                0x000002bf        0x2 main.o
 .progmem.data.__c.2058
                0x000002c1        0x8 main.o
 .progmem.data.descriptor_list
                0x000002c9       0x2a m_usb.o
 .progmem.data.string3
                0x000002f3        0xa m_usb.o
 .progmem.data.string2
                0x000002fd        0x8 m_usb.o
 .progmem.data.string1
                0x00000305       0x14 m_usb.o
 .progmem.data.string0
                0x00000319        0x4 m_usb.o
 .progmem.data.config1_descriptor
                0x0000031d       0x43 m_usb.o
 .progmem.data.device_descriptor
                0x00000360       0x12 m_usb.o
 .progmem.data.endpoint_config_table
                0x00000372        0xa m_usb.o
                0x0000037c                . = ALIGN (0x2)
 *(.jumptables)
 *(.jumptables*)
 *(.lowtext)
 *(.lowtext*)
                0x0000037c                __ctors_start = .
 *(.ctors)
                0x0000037c                __ctors_end = .
                0x0000037c                __dtors_start = .
 *(.dtors)
                0x0000037c                __dtors_end = .
 SORT(*)(.ctors)
 SORT(*)(.dtors)
 *(.init0)
 .init0         0x0000037c        0x0 D:/Penn Learning/MEAM510/Software/7.0/Packs/atmel/ATmega_DFP/1.0.90/gcc/dev/atmega32u4/avr5/crtatmega32u4.o
                0x0000037c                __init
 *(.init0)
 *(.init1)
 *(.init1)
 *(.init2)
 .init2         0x0000037c        0xc D:/Penn Learning/MEAM510/Software/7.0/Packs/atmel/ATmega_DFP/1.0.90/gcc/dev/atmega32u4/avr5/crtatmega32u4.o
 *(.init2)
 *(.init3)
 *(.init3)
 *(.init4)
 .init4         0x00000388       0x16 d:/penn learning/meam510/software/7.0/toolchain/avr8/avr8-gnu-toolchain/bin/../lib/gcc/avr/4.9.2/avr5\libgcc.a(_copy_data.o)
                0x00000388                __do_copy_data
 .init4         0x0000039e       0x10 d:/penn learning/meam510/software/7.0/toolchain/avr8/avr8-gnu-toolchain/bin/../lib/gcc/avr/4.9.2/avr5\libgcc.a(_clear_bss.o)
                0x0000039e                __do_clear_bss
 *(.init4)
 *(.init5)
 *(.init5)
 *(.init6)
 *(.init6)
 *(.init7)
 *(.init7)
 *(.init8)
 *(.init8)
 *(.init9)
 .init9         0x000003ae        0x8 D:/Penn Learning/MEAM510/Software/7.0/Packs/atmel/ATmega_DFP/1.0.90/gcc/dev/atmega32u4/avr5/crtatmega32u4.o
 *(.init9)
 *(.text)
 .text          0x000003b6        0x4 D:/Penn Learning/MEAM510/Software/7.0/Packs/atmel/ATmega_DFP/1.0.90/gcc/dev/atmega32u4/avr5/crtatmega32u4.o
                0x000003b6                __vector_38
                0x000003b6                __vector_22
                0x000003b6                __vector_28
                0x000003b6                __vector_1
                0x000003b6                __vector_32
                0x000003b6                __vector_34
                0x000003b6                __vector_24
                0x000003b6                __vector_12
                0x000003b6                __bad_interrupt
                0x000003b6                __vector_6
                0x000003b6                __vector_31
                0x000003b6                __vector_35
                0x000003b6                __vector_39
                0x000003b6                __vector_23
                0x000003b6                __vector_30
                0x000003b6                __vector_25
                0x000003b6                __vector_13
                0x000003b6                __vector_17
                0x000003b6                __vector_19
                0x000003b6                __vector_7
                0x000003b6                __vector_41
                0x000003b6                __vector_27
                0x000003b6                __vector_5
                0x000003b6                __vector_33
                0x000003b6                __vector_37
                0x000003b6                __vector_4
                0x000003b6                __vector_9
                0x000003b6                __vector_2
                0x000003b6                __vector_21
                0x000003b6                __vector_15
                0x000003b6                __vector_36
                0x000003b6                __vector_40
                0x000003b6                __vector_8
                0x000003b6                __vector_26
                0x000003b6                __vector_14
                0x000003b6                __vector_16
                0x000003b6                __vector_18
                0x000003b6                __vector_20
                0x000003b6                __vector_42
                0x000003ba                . = ALIGN (0x2)
 *(.text.*)
 .text.init_ADC
                0x000003ba       0x98 findPuck.o
                0x000003ba                init_ADC
 .text.PID_Pho  0x00000452      0x196 findPuck.o
                0x00000452                PID_Pho
 .text.PID_stalk
                0x000005e8      0x114 findPuck.o
                0x000005e8                PID_stalk
 .text.findPuck
                0x000006fc      0x36c findPuck.o
                0x000006fc                findPuck
 .text.__vector_29
                0x00000a68      0x20c findPuck.o
                0x00000a68                __vector_29
 .text.deterState
                0x00000c74       0x4a findPuck.o
                0x00000c74                deterState
 .text.ifGotoPuck
                0x00000cbe       0x3a findPuck.o
                0x00000cbe                ifGotoPuck
 .text.find_sign
                0x00000cf8      0x1c0 localization.o
                0x00000cf8                find_sign
 .text.cal_angle
                0x00000eb8      0x224 localization.o
                0x00000eb8                cal_angle
 .text.PID_alpha
                0x000010dc      0x278 localization.o
                0x000010dc                PID_alpha
 .text.PID_p2p  0x00001354      0x278 localization.o
                0x00001354                PID_p2p
 .text.find_if_reach
                0x000015cc       0x78 localization.o
                0x000015cc                find_if_reach
 .text.localization
                0x00001644      0xe92 localization.o
                0x00001644                localization
 .text.__vector_3
                0x000024d6      0x272 main.o
                0x000024d6                __vector_3
 .text.init_timer
                0x00002748       0x74 main.o
                0x00002748                init_timer
 .text.main     0x000027bc      0x2ea main.o
                0x000027bc                main
 .text.m_bus_init
                0x00002aa6       0x22 m_bus.o
                0x00002aa6                m_bus_init
 .text.m_rf_open
                0x00002ac8       0xac m_rf.o
                0x00002ac8                m_rf_open
 .text.m_rf_read
                0x00002b74       0xc8 m_rf.o
                0x00002b74                m_rf_read
 .text.m_usb_init
                0x00002c3c       0x32 m_usb.o
                0x00002c3c                m_usb_init
 .text.m_usb_tx_char
                0x00002c6e       0xb6 m_usb.o
                0x00002c6e                m_usb_tx_char
 .text.__vector_10
                0x00002d24       0x7c m_usb.o
                0x00002d24                __vector_10
 .text.__vector_11
                0x00002da0      0x306 m_usb.o
                0x00002da0                __vector_11
 .text.print_P  0x000030a6       0x38 m_usb.o
                0x000030a6                print_P
 .text.m_usb_tx_int
                0x000030de       0x68 m_usb.o
                0x000030de                m_usb_tx_int
 .text.twi_wait
                0x00003146       0x26 m_wii.o
                0x00003146                twi_wait
 .text.send_byte
                0x0000316c       0x1a m_wii.o
                0x0000316c                send_byte
 .text.start_write
                0x00003186       0x2e m_wii.o
                0x00003186                start_write
 .text.m_wii_open
                0x000031b4      0x212 m_wii.o
                0x000031b4                m_wii_open
 .text.start_read
                0x000033c6       0x30 m_wii.o
                0x000033c6                start_read
 .text.m_wii_read
                0x000033f6      0x126 m_wii.o
                0x000033f6                m_wii_read
 .text.avr-libc.fplib
                0x0000351c       0x22 d:/penn learning/meam510/software/7.0/toolchain/avr8/avr8-gnu-toolchain/bin/../lib/gcc/avr/4.9.2/../../../../avr/lib/avr5\libm.a(acos.o)
                0x0000351c                acos
 .text.avr-libc.fplib
                0x0000353e        0xe d:/penn learning/meam510/software/7.0/toolchain/avr8/avr8-gnu-toolchain/bin/../lib/gcc/avr/4.9.2/../../../../avr/lib/avr5\libm.a(addsf3.o)
                0x0000353e                __subsf3
                0x00003540                __addsf3
 .text.avr-libc.fplib
                0x0000354c       0xcc d:/penn learning/meam510/software/7.0/toolchain/avr8/avr8-gnu-toolchain/bin/../lib/gcc/avr/4.9.2/../../../../avr/lib/avr5\libm.a(addsf3x.o)
                0x0000356e                __addsf3x
 .text.avr-libc.fplib
                0x00003618        0xa d:/penn learning/meam510/software/7.0/toolchain/avr8/avr8-gnu-toolchain/bin/../lib/gcc/avr/4.9.2/../../../../avr/lib/avr5\libm.a(cmpsf2.o)
                0x00003618                __nesf2
                0x00003618                __eqsf2
                0x00003618                __cmpsf2
                0x00003618                __ltsf2
                0x00003618                __lesf2
 .text.avr-libc.fplib
                0x00003622        0x8 d:/penn learning/meam510/software/7.0/toolchain/avr8/avr8-gnu-toolchain/bin/../lib/gcc/avr/4.9.2/../../../../avr/lib/avr5\libm.a(divsf3.o)
                0x00003622                __divsf3
 .text.avr-libc.fplib
                0x0000362a       0xdc d:/penn learning/meam510/software/7.0/toolchain/avr8/avr8-gnu-toolchain/bin/../lib/gcc/avr/4.9.2/../../../../avr/lib/avr5\libm.a(divsf3x.o)
                0x0000364a                __divsf3x
                0x00003650                __divsf3_pse
 .text.avr-libc.fplib
                0x00003706        0xe d:/penn learning/meam510/software/7.0/toolchain/avr8/avr8-gnu-toolchain/bin/../lib/gcc/avr/4.9.2/../../../../avr/lib/avr5\libm.a(fixsfsi.o)
                0x00003706                __fixsfsi
 .text.avr-libc.fplib
                0x00003714       0x5e d:/penn learning/meam510/software/7.0/toolchain/avr8/avr8-gnu-toolchain/bin/../lib/gcc/avr/4.9.2/../../../../avr/lib/avr5\libm.a(fixunssfsi.o)
                0x00003714                __fixunssfsi
 .text.avr-libc.fplib
                0x00003772       0x7a d:/penn learning/meam510/software/7.0/toolchain/avr8/avr8-gnu-toolchain/bin/../lib/gcc/avr/4.9.2/../../../../avr/lib/avr5\libm.a(floatsisf.o)
                0x00003772                __floatunsisf
                0x00003776                __floatsisf
 .text.avr-libc.fplib
                0x000037ec       0x40 d:/penn learning/meam510/software/7.0/toolchain/avr8/avr8-gnu-toolchain/bin/../lib/gcc/avr/4.9.2/../../../../avr/lib/avr5\libm.a(fp_arccos.o)
                0x000037ec                __fp_arccos
 .text.avr-libc.fplib
                0x0000382c       0x48 d:/penn learning/meam510/software/7.0/toolchain/avr8/avr8-gnu-toolchain/bin/../lib/gcc/avr/4.9.2/../../../../avr/lib/avr5\libm.a(fp_cmp.o)
                0x0000382c                __fp_cmp
 .text.avr-libc.fplib
                0x00003874        0xc d:/penn learning/meam510/software/7.0/toolchain/avr8/avr8-gnu-toolchain/bin/../lib/gcc/avr/4.9.2/../../../../avr/lib/avr5\libm.a(fp_inf.o)
                0x00003874                __fp_inf
 .text.avr-libc.fplib
                0x00003880        0x6 d:/penn learning/meam510/software/7.0/toolchain/avr8/avr8-gnu-toolchain/bin/../lib/gcc/avr/4.9.2/../../../../avr/lib/avr5\libm.a(fp_nan.o)
                0x00003880                __fp_nan
 .text.avr-libc.fplib
                0x00003886       0x4e d:/penn learning/meam510/software/7.0/toolchain/avr8/avr8-gnu-toolchain/bin/../lib/gcc/avr/4.9.2/../../../../avr/lib/avr5\libm.a(fp_powser.o)
                0x00003886                __fp_powser
 .text.avr-libc.fplib
                0x000038d4        0xe d:/penn learning/meam510/software/7.0/toolchain/avr8/avr8-gnu-toolchain/bin/../lib/gcc/avr/4.9.2/../../../../avr/lib/avr5\libm.a(fp_pscA.o)
                0x000038d4                __fp_pscA
 .text.avr-libc.fplib
                0x000038e2        0xe d:/penn learning/meam510/software/7.0/toolchain/avr8/avr8-gnu-toolchain/bin/../lib/gcc/avr/4.9.2/../../../../avr/lib/avr5\libm.a(fp_pscB.o)
                0x000038e2                __fp_pscB
 .text.avr-libc.fplib
                0x000038f0       0x22 d:/penn learning/meam510/software/7.0/toolchain/avr8/avr8-gnu-toolchain/bin/../lib/gcc/avr/4.9.2/../../../../avr/lib/avr5\libm.a(fp_round.o)
                0x000038f0                __fp_round
 .text.avr-libc.fplib
                0x00003912       0x44 d:/penn learning/meam510/software/7.0/toolchain/avr8/avr8-gnu-toolchain/bin/../lib/gcc/avr/4.9.2/../../../../avr/lib/avr5\libm.a(fp_split3.o)
                0x00003912                __fp_split3
                0x00003922                __fp_splitA
 .text.avr-libc.fplib
                0x00003956        0xe d:/penn learning/meam510/software/7.0/toolchain/avr8/avr8-gnu-toolchain/bin/../lib/gcc/avr/4.9.2/../../../../avr/lib/avr5\libm.a(fp_zero.o)
                0x00003956                __fp_zero
                0x00003958                __fp_szero
 .text.avr-libc.fplib
                0x00003964        0xa d:/penn learning/meam510/software/7.0/toolchain/avr8/avr8-gnu-toolchain/bin/../lib/gcc/avr/4.9.2/../../../../avr/lib/avr5\libm.a(gesf2.o)
                0x00003964                __gesf2
                0x00003964                __gtsf2
 .text.avr-libc.fplib
                0x0000396e        0x8 d:/penn learning/meam510/software/7.0/toolchain/avr8/avr8-gnu-toolchain/bin/../lib/gcc/avr/4.9.2/../../../../avr/lib/avr5\libm.a(mulsf3.o)
                0x0000396e                __mulsf3
 .text.avr-libc.fplib
                0x00003976       0xd2 d:/penn learning/meam510/software/7.0/toolchain/avr8/avr8-gnu-toolchain/bin/../lib/gcc/avr/4.9.2/../../../../avr/lib/avr5\libm.a(mulsf3x.o)
                0x00003994                __mulsf3x
                0x0000399a                __mulsf3_pse
 .text.avr-libc.fplib
                0x00003a48       0x8c d:/penn learning/meam510/software/7.0/toolchain/avr8/avr8-gnu-toolchain/bin/../lib/gcc/avr/4.9.2/../../../../avr/lib/avr5\libm.a(sqrt.o)
                0x00003a54                sqrtf
                0x00003a54                sqrt
 .text.avr-libc.fplib
                0x00003ad4       0x1c d:/penn learning/meam510/software/7.0/toolchain/avr8/avr8-gnu-toolchain/bin/../lib/gcc/avr/4.9.2/../../../../avr/lib/avr5\libm.a(fp_mpack.o)
                0x00003ad4                __fp_mpack
                0x00003ad8                __fp_mpack_finite
 .text.avr-libc.fplib
                0x00003af0        0xe d:/penn learning/meam510/software/7.0/toolchain/avr8/avr8-gnu-toolchain/bin/../lib/gcc/avr/4.9.2/../../../../avr/lib/avr5\libm.a(fp_norm2.o)
                0x00003af0                __fp_norm2
 .text.libgcc.div
                0x00003afe       0x28 d:/penn learning/meam510/software/7.0/toolchain/avr8/avr8-gnu-toolchain/bin/../lib/gcc/avr/4.9.2/avr5\libgcc.a(_divmodhi4.o)
                0x00003afe                _div
                0x00003afe                __divmodhi4
 .text.libgcc   0x00003b26        0xc d:/penn learning/meam510/software/7.0/toolchain/avr8/avr8-gnu-toolchain/bin/../lib/gcc/avr/4.9.2/avr5\libgcc.a(_tablejump2.o)
                0x00003b26                __tablejump2__
 .text.libgcc.div
                0x00003b32       0x28 d:/penn learning/meam510/software/7.0/toolchain/avr8/avr8-gnu-toolchain/bin/../lib/gcc/avr/4.9.2/avr5\libgcc.a(_udivmodhi4.o)
                0x00003b32                __udivmodhi4
 .text.avr-libc
                0x00003b5a       0x16 d:/penn learning/meam510/software/7.0/toolchain/avr8/avr8-gnu-toolchain/bin/../lib/gcc/avr/4.9.2/../../../../avr/lib/avr5\libc.a(itoa_ncheck.o)
                0x00003b5a                __itoa_ncheck
 .text.avr-libc
                0x00003b70       0x34 d:/penn learning/meam510/software/7.0/toolchain/avr8/avr8-gnu-toolchain/bin/../lib/gcc/avr/4.9.2/../../../../avr/lib/avr5\libc.a(utoa_ncheck.o)
                0x00003b70                __utoa_ncheck
                0x00003b72                __utoa_common
 .text.avr-libc
                0x00003ba4       0x20 d:/penn learning/meam510/software/7.0/toolchain/avr8/avr8-gnu-toolchain/bin/../lib/gcc/avr/4.9.2/../../../../avr/lib/avr5\libc.a(strrev.o)
                0x00003ba4                strrev
                0x00003bc4                . = ALIGN (0x2)
 *(.fini9)
 .fini9         0x00003bc4        0x0 d:/penn learning/meam510/software/7.0/toolchain/avr8/avr8-gnu-toolchain/bin/../lib/gcc/avr/4.9.2/avr5\libgcc.a(_exit.o)
                0x00003bc4                _exit
                0x00003bc4                exit
 *(.fini9)
 *(.fini8)
 *(.fini8)
 *(.fini7)
 *(.fini7)
 *(.fini6)
 *(.fini6)
 *(.fini5)
 *(.fini5)
 *(.fini4)
 *(.fini4)
 *(.fini3)
 *(.fini3)
 *(.fini2)
 *(.fini2)
 *(.fini1)
 *(.fini1)
 *(.fini0)
 .fini0         0x00003bc4        0x4 d:/penn learning/meam510/software/7.0/toolchain/avr8/avr8-gnu-toolchain/bin/../lib/gcc/avr/4.9.2/avr5\libgcc.a(_exit.o)
 *(.fini0)
                0x00003bc8                _etext = .

.data           0x00800100       0x3c load address 0x00003bc8
                0x00800100                PROVIDE (__data_start, .)
 *(.data)
 *(.data*)
 .data.speed_diff_Pho
                0x00800100        0x2 findPuck.o
                0x00800100                speed_diff_Pho
 .data.atkThres
                0x00800102        0x2 findPuck.o
                0x00800102                atkThres
 .data.actmax   0x00800104        0xc localization.o
                0x00800104                actmax
 .data.pix2act  0x00800110        0x4 localization.o
                0x00800110                pix2act
 .data.threshold
                0x00800114        0x4 localization.o
                0x00800114                threshold
 .data.speed_diff_p2p
                0x00800118        0x2 localization.o
                0x00800118                speed_diff_p2p
 .data.speed_diff_loc
                0x0080011a        0x2 localization.o
                0x0080011a                speed_diff_loc
 .data.camera_center
                0x0080011c        0x8 localization.o
                0x0080011c                camera_center
 .data.desPos   0x00800124        0x8 main.o
                0x00800124                desPos
 .data.goal     0x0080012c        0x8 main.o
                0x0080012c                goal
 .data.cdc_line_coding
                0x00800134        0x7 m_usb.o
 *(.rodata)
 *(.rodata*)
 *(.gnu.linkonce.d*)
                0x0080013c                . = ALIGN (0x2)
 *fill*         0x0080013b        0x1 
                0x0080013c                _edata = .
                0x0080013c                PROVIDE (__data_end, .)

.bss            0x0080013c       0x78
                0x0080013c                PROVIDE (__bss_start, .)
 *(.bss)
 *(.bss*)
 .bss.diff_stalk
                0x0080013c        0x2 findPuck.o
                0x0080013c                diff_stalk
 .bss.diff_Pho  0x0080013e        0x2 findPuck.o
                0x0080013e                diff_Pho
 .bss.sum_Pho   0x00800140        0x2 findPuck.o
                0x00800140                sum_Pho
 .bss.input_last
                0x00800142        0x2 findPuck.o
                0x00800142                input_last
 .bss.i         0x00800144        0x2 findPuck.o
                0x00800144                i
 .bss.Pho       0x00800146        0xe findPuck.o
                0x00800146                Pho
 .bss.gain_loc  0x00800154        0x4 localization.o
                0x00800154                gain_loc
 .bss.diff_loc  0x00800158        0x4 localization.o
                0x00800158                diff_loc
 .bss.alpha_last
                0x0080015c        0x4 localization.o
                0x0080015c                alpha_last
 .bss.alpha     0x00800160        0x4 localization.o
                0x00800160                alpha
 .bss.dir_last  0x00800164        0x8 localization.o
                0x00800164                dir_last
 .bss.c_wii_last
                0x0080016c        0x8 localization.o
                0x0080016c                c_wii_last
 .bss.blobs     0x00800174       0x18 localization.o
                0x00800174                blobs
 .bss.dir       0x0080018c        0x8 main.o
                0x0080018c                dir
 .bss.c_wii     0x00800194        0x8 main.o
                0x00800194                c_wii
 .bss.scoreB    0x0080019c        0x2 main.o
                0x0080019c                scoreB
 .bss.scoreR    0x0080019e        0x2 main.o
                0x0080019e                scoreR
 .bss.buffer    0x008001a0        0xa main.o
                0x008001a0                buffer
 .bss.cdc_line_rtsdtr
                0x008001aa        0x1 m_usb.o
 .bss.transmit_previous_timeout
                0x008001ab        0x1 m_usb.o
 .bss.transmit_flush_timer
                0x008001ac        0x1 m_usb.o
 .bss.usb_configuration
                0x008001ad        0x1 m_usb.o
 *(COMMON)
 COMMON         0x008001ae        0x4 findPuck.o
                0x008001ae                output
                0x008001b0                input
 COMMON         0x008001b2        0x2 main.o
                0x008001b2                state
                0x008001b4                PROVIDE (__bss_end, .)
                0x00003bc8                __data_load_start = LOADADDR (.data)
                0x00003c04                __data_load_end = (__data_load_start + SIZEOF (.data))

.noinit         0x008001b4        0x0
                0x008001b4                PROVIDE (__noinit_start, .)
 *(.noinit*)
                0x008001b4                PROVIDE (__noinit_end, .)
                0x008001b4                _end = .
                0x008001b4                PROVIDE (__heap_start, .)

.eeprom         0x00810000        0x0
 *(.eeprom*)
                0x00810000                __eeprom_end = .

.fuse
 *(.fuse)
 *(.lfuse)
 *(.hfuse)
 *(.efuse)

.lock
 *(.lock*)

.signature
 *(.signature*)

.user_signatures
 *(.user_signatures*)

.stab
 *(.stab)

.stabstr
 *(.stabstr)

.stab.excl
 *(.stab.excl)

.stab.exclstr
 *(.stab.exclstr)

.stab.index
 *(.stab.index)

.stab.indexstr
 *(.stab.indexstr)

.comment        0x00000000       0x30
 *(.comment)
 .comment       0x00000000       0x30 findPuck.o
                                 0x31 (size before relaxing)
 .comment       0x00000030       0x31 localization.o
 .comment       0x00000030       0x31 main.o
 .comment       0x00000030       0x31 m_bus.o
 .comment       0x00000030       0x31 m_rf.o
 .comment       0x00000030       0x31 m_usb.o
 .comment       0x00000030       0x31 m_wii.o

.note.gnu.avr.deviceinfo
                0x00000000       0x40
 .note.gnu.avr.deviceinfo
                0x00000000       0x40 D:/Penn Learning/MEAM510/Software/7.0/Packs/atmel/ATmega_DFP/1.0.90/gcc/dev/atmega32u4/avr5/crtatmega32u4.o

.note.gnu.build-id
 *(.note.gnu.build-id)

.debug
 *(.debug)

.line
 *(.line)

.debug_srcinfo
 *(.debug_srcinfo)

.debug_sfnames
 *(.debug_sfnames)

.debug_aranges  0x00000000      0x280
 *(.debug_aranges)
 .debug_aranges
                0x00000000       0x50 findPuck.o
 .debug_aranges
                0x00000050       0x48 localization.o
 .debug_aranges
                0x00000098       0x30 main.o
 .debug_aranges
                0x000000c8       0x58 m_bus.o
 .debug_aranges
                0x00000120       0x30 m_rf.o
 .debug_aranges
                0x00000150       0xe0 m_usb.o
 .debug_aranges
                0x00000230       0x50 m_wii.o

.debug_pubnames
 *(.debug_pubnames)

.debug_info     0x00000000     0x3622
 *(.debug_info .gnu.linkonce.wi.*)
 .debug_info    0x00000000      0x7a7 findPuck.o
 .debug_info    0x000007a7      0xb4c localization.o
 .debug_info    0x000012f3      0x82e main.o
 .debug_info    0x00001b21      0x2fa m_bus.o
 .debug_info    0x00001e1b      0x189 m_rf.o
 .debug_info    0x00001fa4      0xf86 m_usb.o
 .debug_info    0x00002f2a      0x6f8 m_wii.o

.debug_abbrev   0x00000000      0xbd8
 *(.debug_abbrev)
 .debug_abbrev  0x00000000      0x1af findPuck.o
 .debug_abbrev  0x000001af      0x1ec localization.o
 .debug_abbrev  0x0000039b      0x1e1 main.o
 .debug_abbrev  0x0000057c      0x149 m_bus.o
 .debug_abbrev  0x000006c5       0xb6 m_rf.o
 .debug_abbrev  0x0000077b      0x2bd m_usb.o
 .debug_abbrev  0x00000a38      0x1a0 m_wii.o

.debug_line     0x00000000     0x1169
 *(.debug_line .debug_line.* .debug_line_end)
 .debug_line    0x00000000      0x1de findPuck.o
 .debug_line    0x000001de      0x258 localization.o
 .debug_line    0x00000436      0x216 main.o
 .debug_line    0x0000064c      0x168 m_bus.o
 .debug_line    0x000007b4      0x191 m_rf.o
 .debug_line    0x00000945      0x5b7 m_usb.o
 .debug_line    0x00000efc      0x26d m_wii.o

.debug_frame    0x00000000      0x98c
 *(.debug_frame)
 .debug_frame   0x00000000      0x1b4 findPuck.o
 .debug_frame   0x000001b4      0x250 localization.o
 .debug_frame   0x00000404       0x8c main.o
 .debug_frame   0x00000490       0xb8 m_bus.o
 .debug_frame   0x00000548       0x6c m_rf.o
 .debug_frame   0x000005b4      0x328 m_usb.o
 .debug_frame   0x000008dc       0xb0 m_wii.o

.debug_str      0x00000000      0x959
 *(.debug_str)
 .debug_str     0x00000000      0x20d findPuck.o
                                0x255 (size before relaxing)
 .debug_str     0x0000020d      0x19f localization.o
                                0x356 (size before relaxing)
 .debug_str     0x000003ac       0xd0 main.o
                                0x2a4 (size before relaxing)
 .debug_str     0x0000047c       0x85 m_bus.o
                                0x1fc (size before relaxing)
 .debug_str     0x00000501       0x46 m_rf.o
                                0x1c6 (size before relaxing)
 .debug_str     0x00000547      0x3c7 m_usb.o
                                0x59c (size before relaxing)
 .debug_str     0x0000090e       0x4b m_wii.o
                                0x23d (size before relaxing)

.debug_loc      0x00000000     0x3ef5
 *(.debug_loc)
 .debug_loc     0x00000000      0x6a3 findPuck.o
 .debug_loc     0x000006a3     0x149d localization.o
 .debug_loc     0x00001b40      0x113 main.o
 .debug_loc     0x00001c53      0x23b m_bus.o
 .debug_loc     0x00001e8e      0x286 m_rf.o
 .debug_loc     0x00002114     0x190c m_usb.o
 .debug_loc     0x00003a20      0x4d5 m_wii.o

.debug_macinfo
 *(.debug_macinfo)

.debug_weaknames
 *(.debug_weaknames)

.debug_funcnames
 *(.debug_funcnames)

.debug_typenames
 *(.debug_typenames)

.debug_varnames
 *(.debug_varnames)

.debug_pubtypes
 *(.debug_pubtypes)

.debug_ranges   0x00000000      0x260
 *(.debug_ranges)
 .debug_ranges  0x00000000       0x40 findPuck.o
 .debug_ranges  0x00000040       0x38 localization.o
 .debug_ranges  0x00000078       0x20 main.o
 .debug_ranges  0x00000098       0x48 m_bus.o
 .debug_ranges  0x000000e0       0x20 m_rf.o
 .debug_ranges  0x00000100      0x120 m_usb.o
 .debug_ranges  0x00000220       0x40 m_wii.o

.debug_macro
 *(.debug_macro)
OUTPUT(Blue.elf elf32-avr)
LOAD linker stubs
