Archive member included because of file (symbol)

e:/program files (x86)/atmel/atmel toolchain/avr8 gcc/native/3.4.1061/avr8-gnu-toolchain/bin/../lib/gcc/avr/4.8.1/../../../../avr/lib/avr5\libm.a(acos.o)
                              localization.o (acos)
e:/program files (x86)/atmel/atmel toolchain/avr8 gcc/native/3.4.1061/avr8-gnu-toolchain/bin/../lib/gcc/avr/4.8.1/../../../../avr/lib/avr5\libm.a(addsf3.o)
                              localization.o (__subsf3)
e:/program files (x86)/atmel/atmel toolchain/avr8 gcc/native/3.4.1061/avr8-gnu-toolchain/bin/../lib/gcc/avr/4.8.1/../../../../avr/lib/avr5\libm.a(addsf3x.o)
                              e:/program files (x86)/atmel/atmel toolchain/avr8 gcc/native/3.4.1061/avr8-gnu-toolchain/bin/../lib/gcc/avr/4.8.1/../../../../avr/lib/avr5\libm.a(acos.o) (__addsf3x)
e:/program files (x86)/atmel/atmel toolchain/avr8 gcc/native/3.4.1061/avr8-gnu-toolchain/bin/../lib/gcc/avr/4.8.1/../../../../avr/lib/avr5\libm.a(cmpsf2.o)
                              localization.o (__nesf2)
e:/program files (x86)/atmel/atmel toolchain/avr8 gcc/native/3.4.1061/avr8-gnu-toolchain/bin/../lib/gcc/avr/4.8.1/../../../../avr/lib/avr5\libm.a(divsf3.o)
                              localization.o (__divsf3)
e:/program files (x86)/atmel/atmel toolchain/avr8 gcc/native/3.4.1061/avr8-gnu-toolchain/bin/../lib/gcc/avr/4.8.1/../../../../avr/lib/avr5\libm.a(divsf3x.o)
                              e:/program files (x86)/atmel/atmel toolchain/avr8 gcc/native/3.4.1061/avr8-gnu-toolchain/bin/../lib/gcc/avr/4.8.1/../../../../avr/lib/avr5\libm.a(divsf3.o) (__divsf3x)
e:/program files (x86)/atmel/atmel toolchain/avr8 gcc/native/3.4.1061/avr8-gnu-toolchain/bin/../lib/gcc/avr/4.8.1/../../../../avr/lib/avr5\libm.a(fixsfsi.o)
                              findPuck.o (__fixsfsi)
e:/program files (x86)/atmel/atmel toolchain/avr8 gcc/native/3.4.1061/avr8-gnu-toolchain/bin/../lib/gcc/avr/4.8.1/../../../../avr/lib/avr5\libm.a(fixunssfsi.o)
                              e:/program files (x86)/atmel/atmel toolchain/avr8 gcc/native/3.4.1061/avr8-gnu-toolchain/bin/../lib/gcc/avr/4.8.1/../../../../avr/lib/avr5\libm.a(fixsfsi.o) (__fixunssfsi)
e:/program files (x86)/atmel/atmel toolchain/avr8 gcc/native/3.4.1061/avr8-gnu-toolchain/bin/../lib/gcc/avr/4.8.1/../../../../avr/lib/avr5\libm.a(floatsisf.o)
                              findPuck.o (__floatunsisf)
e:/program files (x86)/atmel/atmel toolchain/avr8 gcc/native/3.4.1061/avr8-gnu-toolchain/bin/../lib/gcc/avr/4.8.1/../../../../avr/lib/avr5\libm.a(fp_arccos.o)
                              e:/program files (x86)/atmel/atmel toolchain/avr8 gcc/native/3.4.1061/avr8-gnu-toolchain/bin/../lib/gcc/avr/4.8.1/../../../../avr/lib/avr5\libm.a(acos.o) (__fp_arccos)
e:/program files (x86)/atmel/atmel toolchain/avr8 gcc/native/3.4.1061/avr8-gnu-toolchain/bin/../lib/gcc/avr/4.8.1/../../../../avr/lib/avr5\libm.a(fp_cmp.o)
                              e:/program files (x86)/atmel/atmel toolchain/avr8 gcc/native/3.4.1061/avr8-gnu-toolchain/bin/../lib/gcc/avr/4.8.1/../../../../avr/lib/avr5\libm.a(cmpsf2.o) (__fp_cmp)
e:/program files (x86)/atmel/atmel toolchain/avr8 gcc/native/3.4.1061/avr8-gnu-toolchain/bin/../lib/gcc/avr/4.8.1/../../../../avr/lib/avr5\libm.a(fp_inf.o)
                              e:/program files (x86)/atmel/atmel toolchain/avr8 gcc/native/3.4.1061/avr8-gnu-toolchain/bin/../lib/gcc/avr/4.8.1/../../../../avr/lib/avr5\libm.a(addsf3x.o) (__fp_inf)
e:/program files (x86)/atmel/atmel toolchain/avr8 gcc/native/3.4.1061/avr8-gnu-toolchain/bin/../lib/gcc/avr/4.8.1/../../../../avr/lib/avr5\libm.a(fp_nan.o)
                              e:/program files (x86)/atmel/atmel toolchain/avr8 gcc/native/3.4.1061/avr8-gnu-toolchain/bin/../lib/gcc/avr/4.8.1/../../../../avr/lib/avr5\libm.a(addsf3x.o) (__fp_nan)
e:/program files (x86)/atmel/atmel toolchain/avr8 gcc/native/3.4.1061/avr8-gnu-toolchain/bin/../lib/gcc/avr/4.8.1/../../../../avr/lib/avr5\libm.a(fp_powser.o)
                              e:/program files (x86)/atmel/atmel toolchain/avr8 gcc/native/3.4.1061/avr8-gnu-toolchain/bin/../lib/gcc/avr/4.8.1/../../../../avr/lib/avr5\libm.a(fp_arccos.o) (__fp_powser)
e:/program files (x86)/atmel/atmel toolchain/avr8 gcc/native/3.4.1061/avr8-gnu-toolchain/bin/../lib/gcc/avr/4.8.1/../../../../avr/lib/avr5\libm.a(fp_pscA.o)
                              e:/program files (x86)/atmel/atmel toolchain/avr8 gcc/native/3.4.1061/avr8-gnu-toolchain/bin/../lib/gcc/avr/4.8.1/../../../../avr/lib/avr5\libm.a(addsf3x.o) (__fp_pscA)
e:/program files (x86)/atmel/atmel toolchain/avr8 gcc/native/3.4.1061/avr8-gnu-toolchain/bin/../lib/gcc/avr/4.8.1/../../../../avr/lib/avr5\libm.a(fp_pscB.o)
                              e:/program files (x86)/atmel/atmel toolchain/avr8 gcc/native/3.4.1061/avr8-gnu-toolchain/bin/../lib/gcc/avr/4.8.1/../../../../avr/lib/avr5\libm.a(addsf3x.o) (__fp_pscB)
e:/program files (x86)/atmel/atmel toolchain/avr8 gcc/native/3.4.1061/avr8-gnu-toolchain/bin/../lib/gcc/avr/4.8.1/../../../../avr/lib/avr5\libm.a(fp_round.o)
                              e:/program files (x86)/atmel/atmel toolchain/avr8 gcc/native/3.4.1061/avr8-gnu-toolchain/bin/../lib/gcc/avr/4.8.1/../../../../avr/lib/avr5\libm.a(acos.o) (__fp_round)
e:/program files (x86)/atmel/atmel toolchain/avr8 gcc/native/3.4.1061/avr8-gnu-toolchain/bin/../lib/gcc/avr/4.8.1/../../../../avr/lib/avr5\libm.a(fp_split3.o)
                              e:/program files (x86)/atmel/atmel toolchain/avr8 gcc/native/3.4.1061/avr8-gnu-toolchain/bin/../lib/gcc/avr/4.8.1/../../../../avr/lib/avr5\libm.a(addsf3x.o) (__fp_split3)
e:/program files (x86)/atmel/atmel toolchain/avr8 gcc/native/3.4.1061/avr8-gnu-toolchain/bin/../lib/gcc/avr/4.8.1/../../../../avr/lib/avr5\libm.a(fp_zero.o)
                              e:/program files (x86)/atmel/atmel toolchain/avr8 gcc/native/3.4.1061/avr8-gnu-toolchain/bin/../lib/gcc/avr/4.8.1/../../../../avr/lib/avr5\libm.a(addsf3x.o) (__fp_zero)
e:/program files (x86)/atmel/atmel toolchain/avr8 gcc/native/3.4.1061/avr8-gnu-toolchain/bin/../lib/gcc/avr/4.8.1/../../../../avr/lib/avr5\libm.a(gesf2.o)
                              localization.o (__gtsf2)
e:/program files (x86)/atmel/atmel toolchain/avr8 gcc/native/3.4.1061/avr8-gnu-toolchain/bin/../lib/gcc/avr/4.8.1/../../../../avr/lib/avr5\libm.a(mulsf3.o)
                              findPuck.o (__mulsf3)
e:/program files (x86)/atmel/atmel toolchain/avr8 gcc/native/3.4.1061/avr8-gnu-toolchain/bin/../lib/gcc/avr/4.8.1/../../../../avr/lib/avr5\libm.a(mulsf3x.o)
                              e:/program files (x86)/atmel/atmel toolchain/avr8 gcc/native/3.4.1061/avr8-gnu-toolchain/bin/../lib/gcc/avr/4.8.1/../../../../avr/lib/avr5\libm.a(fp_arccos.o) (__mulsf3x)
e:/program files (x86)/atmel/atmel toolchain/avr8 gcc/native/3.4.1061/avr8-gnu-toolchain/bin/../lib/gcc/avr/4.8.1/../../../../avr/lib/avr5\libm.a(sqrt.o)
                              localization.o (sqrt)
e:/program files (x86)/atmel/atmel toolchain/avr8 gcc/native/3.4.1061/avr8-gnu-toolchain/bin/../lib/gcc/avr/4.8.1/../../../../avr/lib/avr5\libm.a(fp_mpack.o)
                              e:/program files (x86)/atmel/atmel toolchain/avr8 gcc/native/3.4.1061/avr8-gnu-toolchain/bin/../lib/gcc/avr/4.8.1/../../../../avr/lib/avr5\libm.a(sqrt.o) (__fp_mpack)
e:/program files (x86)/atmel/atmel toolchain/avr8 gcc/native/3.4.1061/avr8-gnu-toolchain/bin/../lib/gcc/avr/4.8.1/../../../../avr/lib/avr5\libm.a(fp_norm2.o)
                              e:/program files (x86)/atmel/atmel toolchain/avr8 gcc/native/3.4.1061/avr8-gnu-toolchain/bin/../lib/gcc/avr/4.8.1/../../../../avr/lib/avr5\libm.a(sqrt.o) (__fp_norm2)
e:/program files (x86)/atmel/atmel toolchain/avr8 gcc/native/3.4.1061/avr8-gnu-toolchain/bin/../lib/gcc/avr/4.8.1/avr5\libgcc.a(_divmodhi4.o)
                              findPuck.o (__divmodhi4)
e:/program files (x86)/atmel/atmel toolchain/avr8 gcc/native/3.4.1061/avr8-gnu-toolchain/bin/../lib/gcc/avr/4.8.1/avr5\libgcc.a(_exit.o)
                              e:/program files (x86)/atmel/atmel toolchain/avr8 gcc/native/3.4.1061/avr8-gnu-toolchain/bin/../lib/gcc/avr/4.8.1/../../../../avr/lib/avr5/crtm32u4.o (exit)
e:/program files (x86)/atmel/atmel toolchain/avr8 gcc/native/3.4.1061/avr8-gnu-toolchain/bin/../lib/gcc/avr/4.8.1/avr5\libgcc.a(_tablejump.o)
                              findPuck.o (__tablejump2__)
e:/program files (x86)/atmel/atmel toolchain/avr8 gcc/native/3.4.1061/avr8-gnu-toolchain/bin/../lib/gcc/avr/4.8.1/avr5\libgcc.a(_copy_data.o)
                              findPuck.o (__do_copy_data)
e:/program files (x86)/atmel/atmel toolchain/avr8 gcc/native/3.4.1061/avr8-gnu-toolchain/bin/../lib/gcc/avr/4.8.1/avr5\libgcc.a(_clear_bss.o)
                              findPuck.o (__do_clear_bss)
e:/program files (x86)/atmel/atmel toolchain/avr8 gcc/native/3.4.1061/avr8-gnu-toolchain/bin/../lib/gcc/avr/4.8.1/avr5\libgcc.a(_udivmodhi4.o)
                              e:/program files (x86)/atmel/atmel toolchain/avr8 gcc/native/3.4.1061/avr8-gnu-toolchain/bin/../lib/gcc/avr/4.8.1/avr5\libgcc.a(_divmodhi4.o) (__udivmodhi4)
e:/program files (x86)/atmel/atmel toolchain/avr8 gcc/native/3.4.1061/avr8-gnu-toolchain/bin/../lib/gcc/avr/4.8.1/../../../../avr/lib/avr5\libc.a(itoa_ncheck.o)
                              m_usb.o (__itoa_ncheck)
e:/program files (x86)/atmel/atmel toolchain/avr8 gcc/native/3.4.1061/avr8-gnu-toolchain/bin/../lib/gcc/avr/4.8.1/../../../../avr/lib/avr5\libc.a(ltoa_ncheck.o)
                              m_usb.o (__ltoa_ncheck)
e:/program files (x86)/atmel/atmel toolchain/avr8 gcc/native/3.4.1061/avr8-gnu-toolchain/bin/../lib/gcc/avr/4.8.1/../../../../avr/lib/avr5\libc.a(ultoa_ncheck.o)
                              m_usb.o (__ultoa_ncheck)
e:/program files (x86)/atmel/atmel toolchain/avr8 gcc/native/3.4.1061/avr8-gnu-toolchain/bin/../lib/gcc/avr/4.8.1/../../../../avr/lib/avr5\libc.a(utoa_ncheck.o)
                              m_usb.o (__utoa_ncheck)
e:/program files (x86)/atmel/atmel toolchain/avr8 gcc/native/3.4.1061/avr8-gnu-toolchain/bin/../lib/gcc/avr/4.8.1/../../../../avr/lib/avr5\libc.a(strrev.o)
                              e:/program files (x86)/atmel/atmel toolchain/avr8 gcc/native/3.4.1061/avr8-gnu-toolchain/bin/../lib/gcc/avr/4.8.1/../../../../avr/lib/avr5\libc.a(ultoa_ncheck.o) (strrev)

Allocating common symbols
Common symbol       size              file

output              0x2               findPuck.o
input               0x2               findPuck.o
state               0x2               Red.o

Discarded input sections

 .data          0x00000000        0x0 e:/program files (x86)/atmel/atmel toolchain/avr8 gcc/native/3.4.1061/avr8-gnu-toolchain/bin/../lib/gcc/avr/4.8.1/../../../../avr/lib/avr5/crtm32u4.o
 .bss           0x00000000        0x0 e:/program files (x86)/atmel/atmel toolchain/avr8 gcc/native/3.4.1061/avr8-gnu-toolchain/bin/../lib/gcc/avr/4.8.1/../../../../avr/lib/avr5/crtm32u4.o
 .text          0x00000000        0x0 communication.o
 .data          0x00000000        0x0 communication.o
 .bss           0x00000000        0x0 communication.o
 .text.send_message
                0x00000000       0x42 communication.o
 .progmem.data.__c.1992
                0x00000000        0x9 communication.o
 .progmem.data.__c.1988
                0x00000000        0x9 communication.o
 .debug_info    0x00000000      0x190 communication.o
 .debug_abbrev  0x00000000       0xc7 communication.o
 .debug_loc     0x00000000      0x130 communication.o
 .debug_aranges
                0x00000000       0x20 communication.o
 .debug_ranges  0x00000000       0x10 communication.o
 .debug_line    0x00000000       0x5e communication.o
 .debug_str     0x00000000      0x192 communication.o
 .comment       0x00000000       0x31 communication.o
 .debug_frame   0x00000000       0x24 communication.o
 .text          0x00000000        0x0 findPuck.o
 .data          0x00000000        0x0 findPuck.o
 .bss           0x00000000        0x0 findPuck.o
 .bss.sum_stalk
                0x00000000        0x2 findPuck.o
 .text          0x00000000        0x0 localization.o
 .data          0x00000000        0x0 localization.o
 .bss           0x00000000        0x0 localization.o
 .bss.sum_loc   0x00000000        0x4 localization.o
 .bss.theta     0x00000000        0x4 localization.o
 .data.dist_threshold
                0x00000000        0x2 localization.o
 .text          0x00000000        0x0 m_bus.o
 .data          0x00000000        0x0 m_bus.o
 .bss           0x00000000        0x0 m_bus.o
 .text.twi_read_byte
                0x00000000       0x16 m_bus.o
 .text.twi_stop
                0x00000000        0x8 m_bus.o
 .text.twi_wait_for_ack
                0x00000000       0x26 m_bus.o
 .text.twi_send_byte
                0x00000000       0x1e m_bus.o
 .text.twi_start
                0x00000000       0x5c m_bus.o
 .text.m_read_register
                0x00000000       0x36 m_bus.o
 .text.m_write_register
                0x00000000       0x34 m_bus.o
 .text          0x00000000        0x0 m_rf.o
 .data          0x00000000        0x0 m_rf.o
 .bss           0x00000000        0x0 m_rf.o
 .text.m_rf_send
                0x00000000       0xac m_rf.o
 .text          0x00000000        0x0 m_usb.o
 .data          0x00000000        0x0 m_usb.o
 .bss           0x00000000        0x0 m_usb.o
 .text.m_usb_isconnected
                0x00000000        0x6 m_usb.o
 .text.m_usb_rx_char
                0x00000000       0x3c m_usb.o
 .text.m_usb_rx_available
                0x00000000       0x1e m_usb.o
 .text.m_usb_rx_flush
                0x00000000       0x2c m_usb.o
 .text.usb_serial_putchar_nowait
                0x00000000       0x42 m_usb.o
 .text.usb_serial_write
                0x00000000      0x58a m_usb.o
 .progmem.gcc_sw_table.usb_serial_write
                0x00000000       0x82 m_usb.o
 .text.m_usb_tx_push
                0x00000000       0x20 m_usb.o
 .text.usb_serial_get_stopbits
                0x00000000        0x6 m_usb.o
 .text.usb_serial_get_paritytype
                0x00000000        0x6 m_usb.o
 .text.usb_serial_get_numbits
                0x00000000        0x6 m_usb.o
 .text.usb_serial_get_control
                0x00000000        0x6 m_usb.o
 .text.usb_serial_set_control
                0x00000000       0x50 m_usb.o
 .text.phex1    0x00000000       0x12 m_usb.o
 .text.phex     0x00000000       0x18 m_usb.o
 .text.m_usb_tx_hex
                0x00000000       0x14 m_usb.o
 .text.m_usb_tx_hexchar
                0x00000000        0x6 m_usb.o
 .text.m_usb_tx_uint
                0x00000000       0x62 m_usb.o
 .text.m_usb_tx_long
                0x00000000       0x68 m_usb.o
 .text.m_usb_tx_ulong
                0x00000000       0x68 m_usb.o
 .text          0x00000000        0x0 m_wii.o
 .data          0x00000000        0x0 m_wii.o
 .bss           0x00000000        0x0 m_wii.o
 .text.end      0x00000000        0x8 m_wii.o
 .text          0x00000000        0x0 Red.o
 .data          0x00000000        0x0 Red.o
 .bss           0x00000000        0x0 Red.o
 .bss.sender_loc
                0x00000000        0x4 Red.o
 .bss.senderNo  0x00000000        0x2 Red.o
 .text          0x00000000        0x0 e:/program files (x86)/atmel/atmel toolchain/avr8 gcc/native/3.4.1061/avr8-gnu-toolchain/bin/../lib/gcc/avr/4.8.1/../../../../avr/lib/avr5\libm.a(acos.o)
 .data          0x00000000        0x0 e:/program files (x86)/atmel/atmel toolchain/avr8 gcc/native/3.4.1061/avr8-gnu-toolchain/bin/../lib/gcc/avr/4.8.1/../../../../avr/lib/avr5\libm.a(acos.o)
 .bss           0x00000000        0x0 e:/program files (x86)/atmel/atmel toolchain/avr8 gcc/native/3.4.1061/avr8-gnu-toolchain/bin/../lib/gcc/avr/4.8.1/../../../../avr/lib/avr5\libm.a(acos.o)
 .text          0x00000000        0x0 e:/program files (x86)/atmel/atmel toolchain/avr8 gcc/native/3.4.1061/avr8-gnu-toolchain/bin/../lib/gcc/avr/4.8.1/../../../../avr/lib/avr5\libm.a(addsf3.o)
 .data          0x00000000        0x0 e:/program files (x86)/atmel/atmel toolchain/avr8 gcc/native/3.4.1061/avr8-gnu-toolchain/bin/../lib/gcc/avr/4.8.1/../../../../avr/lib/avr5\libm.a(addsf3.o)
 .bss           0x00000000        0x0 e:/program files (x86)/atmel/atmel toolchain/avr8 gcc/native/3.4.1061/avr8-gnu-toolchain/bin/../lib/gcc/avr/4.8.1/../../../../avr/lib/avr5\libm.a(addsf3.o)
 .text          0x00000000        0x0 e:/program files (x86)/atmel/atmel toolchain/avr8 gcc/native/3.4.1061/avr8-gnu-toolchain/bin/../lib/gcc/avr/4.8.1/../../../../avr/lib/avr5\libm.a(addsf3x.o)
 .data          0x00000000        0x0 e:/program files (x86)/atmel/atmel toolchain/avr8 gcc/native/3.4.1061/avr8-gnu-toolchain/bin/../lib/gcc/avr/4.8.1/../../../../avr/lib/avr5\libm.a(addsf3x.o)
 .bss           0x00000000        0x0 e:/program files (x86)/atmel/atmel toolchain/avr8 gcc/native/3.4.1061/avr8-gnu-toolchain/bin/../lib/gcc/avr/4.8.1/../../../../avr/lib/avr5\libm.a(addsf3x.o)
 .text          0x00000000        0x0 e:/program files (x86)/atmel/atmel toolchain/avr8 gcc/native/3.4.1061/avr8-gnu-toolchain/bin/../lib/gcc/avr/4.8.1/../../../../avr/lib/avr5\libm.a(cmpsf2.o)
 .data          0x00000000        0x0 e:/program files (x86)/atmel/atmel toolchain/avr8 gcc/native/3.4.1061/avr8-gnu-toolchain/bin/../lib/gcc/avr/4.8.1/../../../../avr/lib/avr5\libm.a(cmpsf2.o)
 .bss           0x00000000        0x0 e:/program files (x86)/atmel/atmel toolchain/avr8 gcc/native/3.4.1061/avr8-gnu-toolchain/bin/../lib/gcc/avr/4.8.1/../../../../avr/lib/avr5\libm.a(cmpsf2.o)
 .text          0x00000000        0x0 e:/program files (x86)/atmel/atmel toolchain/avr8 gcc/native/3.4.1061/avr8-gnu-toolchain/bin/../lib/gcc/avr/4.8.1/../../../../avr/lib/avr5\libm.a(divsf3.o)
 .data          0x00000000        0x0 e:/program files (x86)/atmel/atmel toolchain/avr8 gcc/native/3.4.1061/avr8-gnu-toolchain/bin/../lib/gcc/avr/4.8.1/../../../../avr/lib/avr5\libm.a(divsf3.o)
 .bss           0x00000000        0x0 e:/program files (x86)/atmel/atmel toolchain/avr8 gcc/native/3.4.1061/avr8-gnu-toolchain/bin/../lib/gcc/avr/4.8.1/../../../../avr/lib/avr5\libm.a(divsf3.o)
 .text          0x00000000        0x0 e:/program files (x86)/atmel/atmel toolchain/avr8 gcc/native/3.4.1061/avr8-gnu-toolchain/bin/../lib/gcc/avr/4.8.1/../../../../avr/lib/avr5\libm.a(divsf3x.o)
 .data          0x00000000        0x0 e:/program files (x86)/atmel/atmel toolchain/avr8 gcc/native/3.4.1061/avr8-gnu-toolchain/bin/../lib/gcc/avr/4.8.1/../../../../avr/lib/avr5\libm.a(divsf3x.o)
 .bss           0x00000000        0x0 e:/program files (x86)/atmel/atmel toolchain/avr8 gcc/native/3.4.1061/avr8-gnu-toolchain/bin/../lib/gcc/avr/4.8.1/../../../../avr/lib/avr5\libm.a(divsf3x.o)
 .text          0x00000000        0x0 e:/program files (x86)/atmel/atmel toolchain/avr8 gcc/native/3.4.1061/avr8-gnu-toolchain/bin/../lib/gcc/avr/4.8.1/../../../../avr/lib/avr5\libm.a(fixsfsi.o)
 .data          0x00000000        0x0 e:/program files (x86)/atmel/atmel toolchain/avr8 gcc/native/3.4.1061/avr8-gnu-toolchain/bin/../lib/gcc/avr/4.8.1/../../../../avr/lib/avr5\libm.a(fixsfsi.o)
 .bss           0x00000000        0x0 e:/program files (x86)/atmel/atmel toolchain/avr8 gcc/native/3.4.1061/avr8-gnu-toolchain/bin/../lib/gcc/avr/4.8.1/../../../../avr/lib/avr5\libm.a(fixsfsi.o)
 .text          0x00000000        0x0 e:/program files (x86)/atmel/atmel toolchain/avr8 gcc/native/3.4.1061/avr8-gnu-toolchain/bin/../lib/gcc/avr/4.8.1/../../../../avr/lib/avr5\libm.a(fixunssfsi.o)
 .data          0x00000000        0x0 e:/program files (x86)/atmel/atmel toolchain/avr8 gcc/native/3.4.1061/avr8-gnu-toolchain/bin/../lib/gcc/avr/4.8.1/../../../../avr/lib/avr5\libm.a(fixunssfsi.o)
 .bss           0x00000000        0x0 e:/program files (x86)/atmel/atmel toolchain/avr8 gcc/native/3.4.1061/avr8-gnu-toolchain/bin/../lib/gcc/avr/4.8.1/../../../../avr/lib/avr5\libm.a(fixunssfsi.o)
 .text          0x00000000        0x0 e:/program files (x86)/atmel/atmel toolchain/avr8 gcc/native/3.4.1061/avr8-gnu-toolchain/bin/../lib/gcc/avr/4.8.1/../../../../avr/lib/avr5\libm.a(floatsisf.o)
 .data          0x00000000        0x0 e:/program files (x86)/atmel/atmel toolchain/avr8 gcc/native/3.4.1061/avr8-gnu-toolchain/bin/../lib/gcc/avr/4.8.1/../../../../avr/lib/avr5\libm.a(floatsisf.o)
 .bss           0x00000000        0x0 e:/program files (x86)/atmel/atmel toolchain/avr8 gcc/native/3.4.1061/avr8-gnu-toolchain/bin/../lib/gcc/avr/4.8.1/../../../../avr/lib/avr5\libm.a(floatsisf.o)
 .text          0x00000000        0x0 e:/program files (x86)/atmel/atmel toolchain/avr8 gcc/native/3.4.1061/avr8-gnu-toolchain/bin/../lib/gcc/avr/4.8.1/../../../../avr/lib/avr5\libm.a(fp_arccos.o)
 .data          0x00000000        0x0 e:/program files (x86)/atmel/atmel toolchain/avr8 gcc/native/3.4.1061/avr8-gnu-toolchain/bin/../lib/gcc/avr/4.8.1/../../../../avr/lib/avr5\libm.a(fp_arccos.o)
 .bss           0x00000000        0x0 e:/program files (x86)/atmel/atmel toolchain/avr8 gcc/native/3.4.1061/avr8-gnu-toolchain/bin/../lib/gcc/avr/4.8.1/../../../../avr/lib/avr5\libm.a(fp_arccos.o)
 .text          0x00000000        0x0 e:/program files (x86)/atmel/atmel toolchain/avr8 gcc/native/3.4.1061/avr8-gnu-toolchain/bin/../lib/gcc/avr/4.8.1/../../../../avr/lib/avr5\libm.a(fp_cmp.o)
 .data          0x00000000        0x0 e:/program files (x86)/atmel/atmel toolchain/avr8 gcc/native/3.4.1061/avr8-gnu-toolchain/bin/../lib/gcc/avr/4.8.1/../../../../avr/lib/avr5\libm.a(fp_cmp.o)
 .bss           0x00000000        0x0 e:/program files (x86)/atmel/atmel toolchain/avr8 gcc/native/3.4.1061/avr8-gnu-toolchain/bin/../lib/gcc/avr/4.8.1/../../../../avr/lib/avr5\libm.a(fp_cmp.o)
 .text          0x00000000        0x0 e:/program files (x86)/atmel/atmel toolchain/avr8 gcc/native/3.4.1061/avr8-gnu-toolchain/bin/../lib/gcc/avr/4.8.1/../../../../avr/lib/avr5\libm.a(fp_inf.o)
 .data          0x00000000        0x0 e:/program files (x86)/atmel/atmel toolchain/avr8 gcc/native/3.4.1061/avr8-gnu-toolchain/bin/../lib/gcc/avr/4.8.1/../../../../avr/lib/avr5\libm.a(fp_inf.o)
 .bss           0x00000000        0x0 e:/program files (x86)/atmel/atmel toolchain/avr8 gcc/native/3.4.1061/avr8-gnu-toolchain/bin/../lib/gcc/avr/4.8.1/../../../../avr/lib/avr5\libm.a(fp_inf.o)
 .text          0x00000000        0x0 e:/program files (x86)/atmel/atmel toolchain/avr8 gcc/native/3.4.1061/avr8-gnu-toolchain/bin/../lib/gcc/avr/4.8.1/../../../../avr/lib/avr5\libm.a(fp_nan.o)
 .data          0x00000000        0x0 e:/program files (x86)/atmel/atmel toolchain/avr8 gcc/native/3.4.1061/avr8-gnu-toolchain/bin/../lib/gcc/avr/4.8.1/../../../../avr/lib/avr5\libm.a(fp_nan.o)
 .bss           0x00000000        0x0 e:/program files (x86)/atmel/atmel toolchain/avr8 gcc/native/3.4.1061/avr8-gnu-toolchain/bin/../lib/gcc/avr/4.8.1/../../../../avr/lib/avr5\libm.a(fp_nan.o)
 .text          0x00000000        0x0 e:/program files (x86)/atmel/atmel toolchain/avr8 gcc/native/3.4.1061/avr8-gnu-toolchain/bin/../lib/gcc/avr/4.8.1/../../../../avr/lib/avr5\libm.a(fp_powser.o)
 .data          0x00000000        0x0 e:/program files (x86)/atmel/atmel toolchain/avr8 gcc/native/3.4.1061/avr8-gnu-toolchain/bin/../lib/gcc/avr/4.8.1/../../../../avr/lib/avr5\libm.a(fp_powser.o)
 .bss           0x00000000        0x0 e:/program files (x86)/atmel/atmel toolchain/avr8 gcc/native/3.4.1061/avr8-gnu-toolchain/bin/../lib/gcc/avr/4.8.1/../../../../avr/lib/avr5\libm.a(fp_powser.o)
 .text          0x00000000        0x0 e:/program files (x86)/atmel/atmel toolchain/avr8 gcc/native/3.4.1061/avr8-gnu-toolchain/bin/../lib/gcc/avr/4.8.1/../../../../avr/lib/avr5\libm.a(fp_pscA.o)
 .data          0x00000000        0x0 e:/program files (x86)/atmel/atmel toolchain/avr8 gcc/native/3.4.1061/avr8-gnu-toolchain/bin/../lib/gcc/avr/4.8.1/../../../../avr/lib/avr5\libm.a(fp_pscA.o)
 .bss           0x00000000        0x0 e:/program files (x86)/atmel/atmel toolchain/avr8 gcc/native/3.4.1061/avr8-gnu-toolchain/bin/../lib/gcc/avr/4.8.1/../../../../avr/lib/avr5\libm.a(fp_pscA.o)
 .text          0x00000000        0x0 e:/program files (x86)/atmel/atmel toolchain/avr8 gcc/native/3.4.1061/avr8-gnu-toolchain/bin/../lib/gcc/avr/4.8.1/../../../../avr/lib/avr5\libm.a(fp_pscB.o)
 .data          0x00000000        0x0 e:/program files (x86)/atmel/atmel toolchain/avr8 gcc/native/3.4.1061/avr8-gnu-toolchain/bin/../lib/gcc/avr/4.8.1/../../../../avr/lib/avr5\libm.a(fp_pscB.o)
 .bss           0x00000000        0x0 e:/program files (x86)/atmel/atmel toolchain/avr8 gcc/native/3.4.1061/avr8-gnu-toolchain/bin/../lib/gcc/avr/4.8.1/../../../../avr/lib/avr5\libm.a(fp_pscB.o)
 .text          0x00000000        0x0 e:/program files (x86)/atmel/atmel toolchain/avr8 gcc/native/3.4.1061/avr8-gnu-toolchain/bin/../lib/gcc/avr/4.8.1/../../../../avr/lib/avr5\libm.a(fp_round.o)
 .data          0x00000000        0x0 e:/program files (x86)/atmel/atmel toolchain/avr8 gcc/native/3.4.1061/avr8-gnu-toolchain/bin/../lib/gcc/avr/4.8.1/../../../../avr/lib/avr5\libm.a(fp_round.o)
 .bss           0x00000000        0x0 e:/program files (x86)/atmel/atmel toolchain/avr8 gcc/native/3.4.1061/avr8-gnu-toolchain/bin/../lib/gcc/avr/4.8.1/../../../../avr/lib/avr5\libm.a(fp_round.o)
 .text          0x00000000        0x0 e:/program files (x86)/atmel/atmel toolchain/avr8 gcc/native/3.4.1061/avr8-gnu-toolchain/bin/../lib/gcc/avr/4.8.1/../../../../avr/lib/avr5\libm.a(fp_split3.o)
 .data          0x00000000        0x0 e:/program files (x86)/atmel/atmel toolchain/avr8 gcc/native/3.4.1061/avr8-gnu-toolchain/bin/../lib/gcc/avr/4.8.1/../../../../avr/lib/avr5\libm.a(fp_split3.o)
 .bss           0x00000000        0x0 e:/program files (x86)/atmel/atmel toolchain/avr8 gcc/native/3.4.1061/avr8-gnu-toolchain/bin/../lib/gcc/avr/4.8.1/../../../../avr/lib/avr5\libm.a(fp_split3.o)
 .text          0x00000000        0x0 e:/program files (x86)/atmel/atmel toolchain/avr8 gcc/native/3.4.1061/avr8-gnu-toolchain/bin/../lib/gcc/avr/4.8.1/../../../../avr/lib/avr5\libm.a(fp_zero.o)
 .data          0x00000000        0x0 e:/program files (x86)/atmel/atmel toolchain/avr8 gcc/native/3.4.1061/avr8-gnu-toolchain/bin/../lib/gcc/avr/4.8.1/../../../../avr/lib/avr5\libm.a(fp_zero.o)
 .bss           0x00000000        0x0 e:/program files (x86)/atmel/atmel toolchain/avr8 gcc/native/3.4.1061/avr8-gnu-toolchain/bin/../lib/gcc/avr/4.8.1/../../../../avr/lib/avr5\libm.a(fp_zero.o)
 .text          0x00000000        0x0 e:/program files (x86)/atmel/atmel toolchain/avr8 gcc/native/3.4.1061/avr8-gnu-toolchain/bin/../lib/gcc/avr/4.8.1/../../../../avr/lib/avr5\libm.a(gesf2.o)
 .data          0x00000000        0x0 e:/program files (x86)/atmel/atmel toolchain/avr8 gcc/native/3.4.1061/avr8-gnu-toolchain/bin/../lib/gcc/avr/4.8.1/../../../../avr/lib/avr5\libm.a(gesf2.o)
 .bss           0x00000000        0x0 e:/program files (x86)/atmel/atmel toolchain/avr8 gcc/native/3.4.1061/avr8-gnu-toolchain/bin/../lib/gcc/avr/4.8.1/../../../../avr/lib/avr5\libm.a(gesf2.o)
 .text          0x00000000        0x0 e:/program files (x86)/atmel/atmel toolchain/avr8 gcc/native/3.4.1061/avr8-gnu-toolchain/bin/../lib/gcc/avr/4.8.1/../../../../avr/lib/avr5\libm.a(mulsf3.o)
 .data          0x00000000        0x0 e:/program files (x86)/atmel/atmel toolchain/avr8 gcc/native/3.4.1061/avr8-gnu-toolchain/bin/../lib/gcc/avr/4.8.1/../../../../avr/lib/avr5\libm.a(mulsf3.o)
 .bss           0x00000000        0x0 e:/program files (x86)/atmel/atmel toolchain/avr8 gcc/native/3.4.1061/avr8-gnu-toolchain/bin/../lib/gcc/avr/4.8.1/../../../../avr/lib/avr5\libm.a(mulsf3.o)
 .text          0x00000000        0x0 e:/program files (x86)/atmel/atmel toolchain/avr8 gcc/native/3.4.1061/avr8-gnu-toolchain/bin/../lib/gcc/avr/4.8.1/../../../../avr/lib/avr5\libm.a(mulsf3x.o)
 .data          0x00000000        0x0 e:/program files (x86)/atmel/atmel toolchain/avr8 gcc/native/3.4.1061/avr8-gnu-toolchain/bin/../lib/gcc/avr/4.8.1/../../../../avr/lib/avr5\libm.a(mulsf3x.o)
 .bss           0x00000000        0x0 e:/program files (x86)/atmel/atmel toolchain/avr8 gcc/native/3.4.1061/avr8-gnu-toolchain/bin/../lib/gcc/avr/4.8.1/../../../../avr/lib/avr5\libm.a(mulsf3x.o)
 .text          0x00000000        0x0 e:/program files (x86)/atmel/atmel toolchain/avr8 gcc/native/3.4.1061/avr8-gnu-toolchain/bin/../lib/gcc/avr/4.8.1/../../../../avr/lib/avr5\libm.a(sqrt.o)
 .data          0x00000000        0x0 e:/program files (x86)/atmel/atmel toolchain/avr8 gcc/native/3.4.1061/avr8-gnu-toolchain/bin/../lib/gcc/avr/4.8.1/../../../../avr/lib/avr5\libm.a(sqrt.o)
 .bss           0x00000000        0x0 e:/program files (x86)/atmel/atmel toolchain/avr8 gcc/native/3.4.1061/avr8-gnu-toolchain/bin/../lib/gcc/avr/4.8.1/../../../../avr/lib/avr5\libm.a(sqrt.o)
 .text          0x00000000        0x0 e:/program files (x86)/atmel/atmel toolchain/avr8 gcc/native/3.4.1061/avr8-gnu-toolchain/bin/../lib/gcc/avr/4.8.1/../../../../avr/lib/avr5\libm.a(fp_mpack.o)
 .data          0x00000000        0x0 e:/program files (x86)/atmel/atmel toolchain/avr8 gcc/native/3.4.1061/avr8-gnu-toolchain/bin/../lib/gcc/avr/4.8.1/../../../../avr/lib/avr5\libm.a(fp_mpack.o)
 .bss           0x00000000        0x0 e:/program files (x86)/atmel/atmel toolchain/avr8 gcc/native/3.4.1061/avr8-gnu-toolchain/bin/../lib/gcc/avr/4.8.1/../../../../avr/lib/avr5\libm.a(fp_mpack.o)
 .text          0x00000000        0x0 e:/program files (x86)/atmel/atmel toolchain/avr8 gcc/native/3.4.1061/avr8-gnu-toolchain/bin/../lib/gcc/avr/4.8.1/../../../../avr/lib/avr5\libm.a(fp_norm2.o)
 .data          0x00000000        0x0 e:/program files (x86)/atmel/atmel toolchain/avr8 gcc/native/3.4.1061/avr8-gnu-toolchain/bin/../lib/gcc/avr/4.8.1/../../../../avr/lib/avr5\libm.a(fp_norm2.o)
 .bss           0x00000000        0x0 e:/program files (x86)/atmel/atmel toolchain/avr8 gcc/native/3.4.1061/avr8-gnu-toolchain/bin/../lib/gcc/avr/4.8.1/../../../../avr/lib/avr5\libm.a(fp_norm2.o)
 .text          0x00000000        0x0 e:/program files (x86)/atmel/atmel toolchain/avr8 gcc/native/3.4.1061/avr8-gnu-toolchain/bin/../lib/gcc/avr/4.8.1/avr5\libgcc.a(_divmodhi4.o)
 .data          0x00000000        0x0 e:/program files (x86)/atmel/atmel toolchain/avr8 gcc/native/3.4.1061/avr8-gnu-toolchain/bin/../lib/gcc/avr/4.8.1/avr5\libgcc.a(_divmodhi4.o)
 .bss           0x00000000        0x0 e:/program files (x86)/atmel/atmel toolchain/avr8 gcc/native/3.4.1061/avr8-gnu-toolchain/bin/../lib/gcc/avr/4.8.1/avr5\libgcc.a(_divmodhi4.o)
 .text.libgcc.mul
                0x00000000        0x0 e:/program files (x86)/atmel/atmel toolchain/avr8 gcc/native/3.4.1061/avr8-gnu-toolchain/bin/../lib/gcc/avr/4.8.1/avr5\libgcc.a(_divmodhi4.o)
 .text.libgcc   0x00000000        0x0 e:/program files (x86)/atmel/atmel toolchain/avr8 gcc/native/3.4.1061/avr8-gnu-toolchain/bin/../lib/gcc/avr/4.8.1/avr5\libgcc.a(_divmodhi4.o)
 .text.libgcc.prologue
                0x00000000        0x0 e:/program files (x86)/atmel/atmel toolchain/avr8 gcc/native/3.4.1061/avr8-gnu-toolchain/bin/../lib/gcc/avr/4.8.1/avr5\libgcc.a(_divmodhi4.o)
 .text.libgcc.builtins
                0x00000000        0x0 e:/program files (x86)/atmel/atmel toolchain/avr8 gcc/native/3.4.1061/avr8-gnu-toolchain/bin/../lib/gcc/avr/4.8.1/avr5\libgcc.a(_divmodhi4.o)
 .text.libgcc.fmul
                0x00000000        0x0 e:/program files (x86)/atmel/atmel toolchain/avr8 gcc/native/3.4.1061/avr8-gnu-toolchain/bin/../lib/gcc/avr/4.8.1/avr5\libgcc.a(_divmodhi4.o)
 .text.libgcc.fixed
                0x00000000        0x0 e:/program files (x86)/atmel/atmel toolchain/avr8 gcc/native/3.4.1061/avr8-gnu-toolchain/bin/../lib/gcc/avr/4.8.1/avr5\libgcc.a(_divmodhi4.o)
 .text          0x00000000        0x0 e:/program files (x86)/atmel/atmel toolchain/avr8 gcc/native/3.4.1061/avr8-gnu-toolchain/bin/../lib/gcc/avr/4.8.1/avr5\libgcc.a(_exit.o)
 .data          0x00000000        0x0 e:/program files (x86)/atmel/atmel toolchain/avr8 gcc/native/3.4.1061/avr8-gnu-toolchain/bin/../lib/gcc/avr/4.8.1/avr5\libgcc.a(_exit.o)
 .bss           0x00000000        0x0 e:/program files (x86)/atmel/atmel toolchain/avr8 gcc/native/3.4.1061/avr8-gnu-toolchain/bin/../lib/gcc/avr/4.8.1/avr5\libgcc.a(_exit.o)
 .text.libgcc.mul
                0x00000000        0x0 e:/program files (x86)/atmel/atmel toolchain/avr8 gcc/native/3.4.1061/avr8-gnu-toolchain/bin/../lib/gcc/avr/4.8.1/avr5\libgcc.a(_exit.o)
 .text.libgcc.div
                0x00000000        0x0 e:/program files (x86)/atmel/atmel toolchain/avr8 gcc/native/3.4.1061/avr8-gnu-toolchain/bin/../lib/gcc/avr/4.8.1/avr5\libgcc.a(_exit.o)
 .text.libgcc   0x00000000        0x0 e:/program files (x86)/atmel/atmel toolchain/avr8 gcc/native/3.4.1061/avr8-gnu-toolchain/bin/../lib/gcc/avr/4.8.1/avr5\libgcc.a(_exit.o)
 .text.libgcc.prologue
                0x00000000        0x0 e:/program files (x86)/atmel/atmel toolchain/avr8 gcc/native/3.4.1061/avr8-gnu-toolchain/bin/../lib/gcc/avr/4.8.1/avr5\libgcc.a(_exit.o)
 .text.libgcc.builtins
                0x00000000        0x0 e:/program files (x86)/atmel/atmel toolchain/avr8 gcc/native/3.4.1061/avr8-gnu-toolchain/bin/../lib/gcc/avr/4.8.1/avr5\libgcc.a(_exit.o)
 .text.libgcc.fmul
                0x00000000        0x0 e:/program files (x86)/atmel/atmel toolchain/avr8 gcc/native/3.4.1061/avr8-gnu-toolchain/bin/../lib/gcc/avr/4.8.1/avr5\libgcc.a(_exit.o)
 .text.libgcc.fixed
                0x00000000        0x0 e:/program files (x86)/atmel/atmel toolchain/avr8 gcc/native/3.4.1061/avr8-gnu-toolchain/bin/../lib/gcc/avr/4.8.1/avr5\libgcc.a(_exit.o)
 .text          0x00000000        0x0 e:/program files (x86)/atmel/atmel toolchain/avr8 gcc/native/3.4.1061/avr8-gnu-toolchain/bin/../lib/gcc/avr/4.8.1/avr5\libgcc.a(_tablejump.o)
 .data          0x00000000        0x0 e:/program files (x86)/atmel/atmel toolchain/avr8 gcc/native/3.4.1061/avr8-gnu-toolchain/bin/../lib/gcc/avr/4.8.1/avr5\libgcc.a(_tablejump.o)
 .bss           0x00000000        0x0 e:/program files (x86)/atmel/atmel toolchain/avr8 gcc/native/3.4.1061/avr8-gnu-toolchain/bin/../lib/gcc/avr/4.8.1/avr5\libgcc.a(_tablejump.o)
 .text.libgcc.mul
                0x00000000        0x0 e:/program files (x86)/atmel/atmel toolchain/avr8 gcc/native/3.4.1061/avr8-gnu-toolchain/bin/../lib/gcc/avr/4.8.1/avr5\libgcc.a(_tablejump.o)
 .text.libgcc.div
                0x00000000        0x0 e:/program files (x86)/atmel/atmel toolchain/avr8 gcc/native/3.4.1061/avr8-gnu-toolchain/bin/../lib/gcc/avr/4.8.1/avr5\libgcc.a(_tablejump.o)
 .text.libgcc.prologue
                0x00000000        0x0 e:/program files (x86)/atmel/atmel toolchain/avr8 gcc/native/3.4.1061/avr8-gnu-toolchain/bin/../lib/gcc/avr/4.8.1/avr5\libgcc.a(_tablejump.o)
 .text.libgcc.builtins
                0x00000000        0x0 e:/program files (x86)/atmel/atmel toolchain/avr8 gcc/native/3.4.1061/avr8-gnu-toolchain/bin/../lib/gcc/avr/4.8.1/avr5\libgcc.a(_tablejump.o)
 .text.libgcc.fmul
                0x00000000        0x0 e:/program files (x86)/atmel/atmel toolchain/avr8 gcc/native/3.4.1061/avr8-gnu-toolchain/bin/../lib/gcc/avr/4.8.1/avr5\libgcc.a(_tablejump.o)
 .text.libgcc.fixed
                0x00000000        0x0 e:/program files (x86)/atmel/atmel toolchain/avr8 gcc/native/3.4.1061/avr8-gnu-toolchain/bin/../lib/gcc/avr/4.8.1/avr5\libgcc.a(_tablejump.o)
 .text          0x00000000        0x0 e:/program files (x86)/atmel/atmel toolchain/avr8 gcc/native/3.4.1061/avr8-gnu-toolchain/bin/../lib/gcc/avr/4.8.1/avr5\libgcc.a(_copy_data.o)
 .data          0x00000000        0x0 e:/program files (x86)/atmel/atmel toolchain/avr8 gcc/native/3.4.1061/avr8-gnu-toolchain/bin/../lib/gcc/avr/4.8.1/avr5\libgcc.a(_copy_data.o)
 .bss           0x00000000        0x0 e:/program files (x86)/atmel/atmel toolchain/avr8 gcc/native/3.4.1061/avr8-gnu-toolchain/bin/../lib/gcc/avr/4.8.1/avr5\libgcc.a(_copy_data.o)
 .text.libgcc.mul
                0x00000000        0x0 e:/program files (x86)/atmel/atmel toolchain/avr8 gcc/native/3.4.1061/avr8-gnu-toolchain/bin/../lib/gcc/avr/4.8.1/avr5\libgcc.a(_copy_data.o)
 .text.libgcc.div
                0x00000000        0x0 e:/program files (x86)/atmel/atmel toolchain/avr8 gcc/native/3.4.1061/avr8-gnu-toolchain/bin/../lib/gcc/avr/4.8.1/avr5\libgcc.a(_copy_data.o)
 .text.libgcc   0x00000000        0x0 e:/program files (x86)/atmel/atmel toolchain/avr8 gcc/native/3.4.1061/avr8-gnu-toolchain/bin/../lib/gcc/avr/4.8.1/avr5\libgcc.a(_copy_data.o)
 .text.libgcc.prologue
                0x00000000        0x0 e:/program files (x86)/atmel/atmel toolchain/avr8 gcc/native/3.4.1061/avr8-gnu-toolchain/bin/../lib/gcc/avr/4.8.1/avr5\libgcc.a(_copy_data.o)
 .text.libgcc.builtins
                0x00000000        0x0 e:/program files (x86)/atmel/atmel toolchain/avr8 gcc/native/3.4.1061/avr8-gnu-toolchain/bin/../lib/gcc/avr/4.8.1/avr5\libgcc.a(_copy_data.o)
 .text.libgcc.fmul
                0x00000000        0x0 e:/program files (x86)/atmel/atmel toolchain/avr8 gcc/native/3.4.1061/avr8-gnu-toolchain/bin/../lib/gcc/avr/4.8.1/avr5\libgcc.a(_copy_data.o)
 .text.libgcc.fixed
                0x00000000        0x0 e:/program files (x86)/atmel/atmel toolchain/avr8 gcc/native/3.4.1061/avr8-gnu-toolchain/bin/../lib/gcc/avr/4.8.1/avr5\libgcc.a(_copy_data.o)
 .text          0x00000000        0x0 e:/program files (x86)/atmel/atmel toolchain/avr8 gcc/native/3.4.1061/avr8-gnu-toolchain/bin/../lib/gcc/avr/4.8.1/avr5\libgcc.a(_clear_bss.o)
 .data          0x00000000        0x0 e:/program files (x86)/atmel/atmel toolchain/avr8 gcc/native/3.4.1061/avr8-gnu-toolchain/bin/../lib/gcc/avr/4.8.1/avr5\libgcc.a(_clear_bss.o)
 .bss           0x00000000        0x0 e:/program files (x86)/atmel/atmel toolchain/avr8 gcc/native/3.4.1061/avr8-gnu-toolchain/bin/../lib/gcc/avr/4.8.1/avr5\libgcc.a(_clear_bss.o)
 .text.libgcc.mul
                0x00000000        0x0 e:/program files (x86)/atmel/atmel toolchain/avr8 gcc/native/3.4.1061/avr8-gnu-toolchain/bin/../lib/gcc/avr/4.8.1/avr5\libgcc.a(_clear_bss.o)
 .text.libgcc.div
                0x00000000        0x0 e:/program files (x86)/atmel/atmel toolchain/avr8 gcc/native/3.4.1061/avr8-gnu-toolchain/bin/../lib/gcc/avr/4.8.1/avr5\libgcc.a(_clear_bss.o)
 .text.libgcc   0x00000000        0x0 e:/program files (x86)/atmel/atmel toolchain/avr8 gcc/native/3.4.1061/avr8-gnu-toolchain/bin/../lib/gcc/avr/4.8.1/avr5\libgcc.a(_clear_bss.o)
 .text.libgcc.prologue
                0x00000000        0x0 e:/program files (x86)/atmel/atmel toolchain/avr8 gcc/native/3.4.1061/avr8-gnu-toolchain/bin/../lib/gcc/avr/4.8.1/avr5\libgcc.a(_clear_bss.o)
 .text.libgcc.builtins
                0x00000000        0x0 e:/program files (x86)/atmel/atmel toolchain/avr8 gcc/native/3.4.1061/avr8-gnu-toolchain/bin/../lib/gcc/avr/4.8.1/avr5\libgcc.a(_clear_bss.o)
 .text.libgcc.fmul
                0x00000000        0x0 e:/program files (x86)/atmel/atmel toolchain/avr8 gcc/native/3.4.1061/avr8-gnu-toolchain/bin/../lib/gcc/avr/4.8.1/avr5\libgcc.a(_clear_bss.o)
 .text.libgcc.fixed
                0x00000000        0x0 e:/program files (x86)/atmel/atmel toolchain/avr8 gcc/native/3.4.1061/avr8-gnu-toolchain/bin/../lib/gcc/avr/4.8.1/avr5\libgcc.a(_clear_bss.o)
 .text          0x00000000        0x0 e:/program files (x86)/atmel/atmel toolchain/avr8 gcc/native/3.4.1061/avr8-gnu-toolchain/bin/../lib/gcc/avr/4.8.1/avr5\libgcc.a(_udivmodhi4.o)
 .data          0x00000000        0x0 e:/program files (x86)/atmel/atmel toolchain/avr8 gcc/native/3.4.1061/avr8-gnu-toolchain/bin/../lib/gcc/avr/4.8.1/avr5\libgcc.a(_udivmodhi4.o)
 .bss           0x00000000        0x0 e:/program files (x86)/atmel/atmel toolchain/avr8 gcc/native/3.4.1061/avr8-gnu-toolchain/bin/../lib/gcc/avr/4.8.1/avr5\libgcc.a(_udivmodhi4.o)
 .text.libgcc.mul
                0x00000000        0x0 e:/program files (x86)/atmel/atmel toolchain/avr8 gcc/native/3.4.1061/avr8-gnu-toolchain/bin/../lib/gcc/avr/4.8.1/avr5\libgcc.a(_udivmodhi4.o)
 .text.libgcc   0x00000000        0x0 e:/program files (x86)/atmel/atmel toolchain/avr8 gcc/native/3.4.1061/avr8-gnu-toolchain/bin/../lib/gcc/avr/4.8.1/avr5\libgcc.a(_udivmodhi4.o)
 .text.libgcc.prologue
                0x00000000        0x0 e:/program files (x86)/atmel/atmel toolchain/avr8 gcc/native/3.4.1061/avr8-gnu-toolchain/bin/../lib/gcc/avr/4.8.1/avr5\libgcc.a(_udivmodhi4.o)
 .text.libgcc.builtins
                0x00000000        0x0 e:/program files (x86)/atmel/atmel toolchain/avr8 gcc/native/3.4.1061/avr8-gnu-toolchain/bin/../lib/gcc/avr/4.8.1/avr5\libgcc.a(_udivmodhi4.o)
 .text.libgcc.fmul
                0x00000000        0x0 e:/program files (x86)/atmel/atmel toolchain/avr8 gcc/native/3.4.1061/avr8-gnu-toolchain/bin/../lib/gcc/avr/4.8.1/avr5\libgcc.a(_udivmodhi4.o)
 .text.libgcc.fixed
                0x00000000        0x0 e:/program files (x86)/atmel/atmel toolchain/avr8 gcc/native/3.4.1061/avr8-gnu-toolchain/bin/../lib/gcc/avr/4.8.1/avr5\libgcc.a(_udivmodhi4.o)
 .text          0x00000000        0x0 e:/program files (x86)/atmel/atmel toolchain/avr8 gcc/native/3.4.1061/avr8-gnu-toolchain/bin/../lib/gcc/avr/4.8.1/../../../../avr/lib/avr5\libc.a(itoa_ncheck.o)
 .data          0x00000000        0x0 e:/program files (x86)/atmel/atmel toolchain/avr8 gcc/native/3.4.1061/avr8-gnu-toolchain/bin/../lib/gcc/avr/4.8.1/../../../../avr/lib/avr5\libc.a(itoa_ncheck.o)
 .bss           0x00000000        0x0 e:/program files (x86)/atmel/atmel toolchain/avr8 gcc/native/3.4.1061/avr8-gnu-toolchain/bin/../lib/gcc/avr/4.8.1/../../../../avr/lib/avr5\libc.a(itoa_ncheck.o)
 .text          0x00000000        0x0 e:/program files (x86)/atmel/atmel toolchain/avr8 gcc/native/3.4.1061/avr8-gnu-toolchain/bin/../lib/gcc/avr/4.8.1/../../../../avr/lib/avr5\libc.a(ltoa_ncheck.o)
 .data          0x00000000        0x0 e:/program files (x86)/atmel/atmel toolchain/avr8 gcc/native/3.4.1061/avr8-gnu-toolchain/bin/../lib/gcc/avr/4.8.1/../../../../avr/lib/avr5\libc.a(ltoa_ncheck.o)
 .bss           0x00000000        0x0 e:/program files (x86)/atmel/atmel toolchain/avr8 gcc/native/3.4.1061/avr8-gnu-toolchain/bin/../lib/gcc/avr/4.8.1/../../../../avr/lib/avr5\libc.a(ltoa_ncheck.o)
 .text.avr-libc
                0x00000000       0x1e e:/program files (x86)/atmel/atmel toolchain/avr8 gcc/native/3.4.1061/avr8-gnu-toolchain/bin/../lib/gcc/avr/4.8.1/../../../../avr/lib/avr5\libc.a(ltoa_ncheck.o)
 .text          0x00000000        0x0 e:/program files (x86)/atmel/atmel toolchain/avr8 gcc/native/3.4.1061/avr8-gnu-toolchain/bin/../lib/gcc/avr/4.8.1/../../../../avr/lib/avr5\libc.a(ultoa_ncheck.o)
 .data          0x00000000        0x0 e:/program files (x86)/atmel/atmel toolchain/avr8 gcc/native/3.4.1061/avr8-gnu-toolchain/bin/../lib/gcc/avr/4.8.1/../../../../avr/lib/avr5\libc.a(ultoa_ncheck.o)
 .bss           0x00000000        0x0 e:/program files (x86)/atmel/atmel toolchain/avr8 gcc/native/3.4.1061/avr8-gnu-toolchain/bin/../lib/gcc/avr/4.8.1/../../../../avr/lib/avr5\libc.a(ultoa_ncheck.o)
 .text.avr-libc
                0x00000000       0x44 e:/program files (x86)/atmel/atmel toolchain/avr8 gcc/native/3.4.1061/avr8-gnu-toolchain/bin/../lib/gcc/avr/4.8.1/../../../../avr/lib/avr5\libc.a(ultoa_ncheck.o)
 .text          0x00000000        0x0 e:/program files (x86)/atmel/atmel toolchain/avr8 gcc/native/3.4.1061/avr8-gnu-toolchain/bin/../lib/gcc/avr/4.8.1/../../../../avr/lib/avr5\libc.a(utoa_ncheck.o)
 .data          0x00000000        0x0 e:/program files (x86)/atmel/atmel toolchain/avr8 gcc/native/3.4.1061/avr8-gnu-toolchain/bin/../lib/gcc/avr/4.8.1/../../../../avr/lib/avr5\libc.a(utoa_ncheck.o)
 .bss           0x00000000        0x0 e:/program files (x86)/atmel/atmel toolchain/avr8 gcc/native/3.4.1061/avr8-gnu-toolchain/bin/../lib/gcc/avr/4.8.1/../../../../avr/lib/avr5\libc.a(utoa_ncheck.o)
 .text          0x00000000        0x0 e:/program files (x86)/atmel/atmel toolchain/avr8 gcc/native/3.4.1061/avr8-gnu-toolchain/bin/../lib/gcc/avr/4.8.1/../../../../avr/lib/avr5\libc.a(strrev.o)
 .data          0x00000000        0x0 e:/program files (x86)/atmel/atmel toolchain/avr8 gcc/native/3.4.1061/avr8-gnu-toolchain/bin/../lib/gcc/avr/4.8.1/../../../../avr/lib/avr5\libc.a(strrev.o)
 .bss           0x00000000        0x0 e:/program files (x86)/atmel/atmel toolchain/avr8 gcc/native/3.4.1061/avr8-gnu-toolchain/bin/../lib/gcc/avr/4.8.1/../../../../avr/lib/avr5\libc.a(strrev.o)

Memory Configuration

Name             Origin             Length             Attributes
text             0x00000000         0x00020000         xr
data             0x00800060         0x0000ffa0         rw !x
eeprom           0x00810000         0x00010000         rw !x
fuse             0x00820000         0x00000400         rw !x
lock             0x00830000         0x00000400         rw !x
signature        0x00840000         0x00000400         rw !x
user_signatures  0x00850000         0x00000400         rw !x
*default*        0x00000000         0xffffffff

Linker script and memory map

Address of section .data set to 0x800100
LOAD e:/program files (x86)/atmel/atmel toolchain/avr8 gcc/native/3.4.1061/avr8-gnu-toolchain/bin/../lib/gcc/avr/4.8.1/../../../../avr/lib/avr5/crtm32u4.o
LOAD communication.o
LOAD findPuck.o
LOAD localization.o
LOAD m_bus.o
LOAD m_rf.o
LOAD m_usb.o
LOAD m_wii.o
LOAD Red.o
START GROUP
LOAD e:/program files (x86)/atmel/atmel toolchain/avr8 gcc/native/3.4.1061/avr8-gnu-toolchain/bin/../lib/gcc/avr/4.8.1/../../../../avr/lib/avr5\libm.a
END GROUP
START GROUP
LOAD e:/program files (x86)/atmel/atmel toolchain/avr8 gcc/native/3.4.1061/avr8-gnu-toolchain/bin/../lib/gcc/avr/4.8.1/avr5\libgcc.a
LOAD e:/program files (x86)/atmel/atmel toolchain/avr8 gcc/native/3.4.1061/avr8-gnu-toolchain/bin/../lib/gcc/avr/4.8.1/../../../../avr/lib/avr5\libm.a
LOAD e:/program files (x86)/atmel/atmel toolchain/avr8 gcc/native/3.4.1061/avr8-gnu-toolchain/bin/../lib/gcc/avr/4.8.1/../../../../avr/lib/avr5\libc.a
END GROUP

.hash
 *(.hash)

.dynsym
 *(.dynsym)

.dynstr
 *(.dynstr)

.gnu.version
 *(.gnu.version)

.gnu.version_d
 *(.gnu.version_d)

.gnu.version_r
 *(.gnu.version_r)

.rel.init
 *(.rel.init)

.rela.init
 *(.rela.init)

.rel.text
 *(.rel.text)
 *(.rel.text.*)
 *(.rel.gnu.linkonce.t*)

.rela.text
 *(.rela.text)
 *(.rela.text.*)
 *(.rela.gnu.linkonce.t*)

.rel.fini
 *(.rel.fini)

.rela.fini
 *(.rela.fini)

.rel.rodata
 *(.rel.rodata)
 *(.rel.rodata.*)
 *(.rel.gnu.linkonce.r*)

.rela.rodata
 *(.rela.rodata)
 *(.rela.rodata.*)
 *(.rela.gnu.linkonce.r*)

.rel.data
 *(.rel.data)
 *(.rel.data.*)
 *(.rel.gnu.linkonce.d*)

.rela.data
 *(.rela.data)
 *(.rela.data.*)
 *(.rela.gnu.linkonce.d*)

.rel.ctors
 *(.rel.ctors)

.rela.ctors
 *(.rela.ctors)

.rel.dtors
 *(.rel.dtors)

.rela.dtors
 *(.rela.dtors)

.rel.got
 *(.rel.got)

.rela.got
 *(.rela.got)

.rel.bss
 *(.rel.bss)

.rela.bss
 *(.rela.bss)

.rel.plt
 *(.rel.plt)

.rela.plt
 *(.rela.plt)

.text           0x00000000     0x3c0c
 *(.vectors)
 .vectors       0x00000000       0xac e:/program files (x86)/atmel/atmel toolchain/avr8 gcc/native/3.4.1061/avr8-gnu-toolchain/bin/../lib/gcc/avr/4.8.1/../../../../avr/lib/avr5/crtm32u4.o
                0x00000000                __vector_default
                0x00000000                __vectors
 *(.vectors)
 *(.progmem.gcc*)
 .progmem.gcc_sw_table.__vector_29
                0x000000ac        0xe findPuck.o
 .progmem.gcc_sw_table.__vector_3
                0x000000ba       0x10 Red.o
 .progmem.gcc_fplib
                0x000000ca       0x28 e:/program files (x86)/atmel/atmel toolchain/avr8 gcc/native/3.4.1061/avr8-gnu-toolchain/bin/../lib/gcc/avr/4.8.1/../../../../avr/lib/avr5\libm.a(fp_arccos.o)
                0x000000f2                . = ALIGN (0x2)
                0x000000f2                __trampolines_start = .
 *(.trampolines)
 .trampolines   0x000000f2        0x0 linker stubs
 *(.trampolines*)
                0x000000f2                __trampolines_end = .
 *(.progmem*)
 .progmem.data.__c.2099
                0x000000f2       0x10 findPuck.o
 .progmem.data.__c.2097
                0x00000102        0xf findPuck.o
 .progmem.data.__c.2066
                0x00000111        0xc findPuck.o
 .progmem.data.__c.2064
                0x0000011d        0xb findPuck.o
 .progmem.data.__c.2060
                0x00000128        0x5 findPuck.o
 .progmem.data.__c.2058
                0x0000012d        0xc findPuck.o
 .progmem.data.__c.2056
                0x00000139        0x5 findPuck.o
 .progmem.data.__c.2054
                0x0000013e        0xb findPuck.o
 .progmem.data.__c.2051
                0x00000149        0x2 findPuck.o
 .progmem.data.__c.2049
                0x0000014b        0x3 findPuck.o
 .progmem.data.__c.2047
                0x0000014e       0x13 findPuck.o
 .progmem.data.__c.2043
                0x00000161        0x3 findPuck.o
 .progmem.data.__c.2041
                0x00000164        0x3 findPuck.o
 .progmem.data.__c.2039
                0x00000167        0x7 findPuck.o
 .progmem.data.__c.2037
                0x0000016e        0x3 findPuck.o
 .progmem.data.__c.2035
                0x00000171        0x7 findPuck.o
 .progmem.data.__c.2033
                0x00000178        0x3 findPuck.o
 .progmem.data.__c.2031
                0x0000017b        0x7 findPuck.o
 .progmem.data.__c.2029
                0x00000182        0x3 findPuck.o
 .progmem.data.__c.2027
                0x00000185        0x7 findPuck.o
 .progmem.data.__c.2025
                0x0000018c        0x3 findPuck.o
 .progmem.data.__c.2023
                0x0000018f        0x7 findPuck.o
 .progmem.data.__c.2021
                0x00000196        0x3 findPuck.o
 .progmem.data.__c.2019
                0x00000199        0x7 findPuck.o
 .progmem.data.__c.2017
                0x000001a0        0x3 findPuck.o
 .progmem.data.__c.2015
                0x000001a3        0x7 findPuck.o
 .progmem.data.__c.2013
                0x000001aa        0x3 findPuck.o
 .progmem.data.__c.2146
                0x000001ad        0xb localization.o
 .progmem.data.__c.2144
                0x000001b8        0xc localization.o
 .progmem.data.__c.2142
                0x000001c4        0x2 localization.o
 .progmem.data.__c.2140
                0x000001c6        0xa localization.o
 .progmem.data.__c.2138
                0x000001d0        0x2 localization.o
 .progmem.data.__c.2136
                0x000001d2        0xb localization.o
 .progmem.data.__c.2128
                0x000001dd        0xb localization.o
 .progmem.data.__c.2126
                0x000001e8        0xc localization.o
 .progmem.data.__c.2124
                0x000001f4        0x2 localization.o
 .progmem.data.__c.2122
                0x000001f6        0xa localization.o
 .progmem.data.__c.2120
                0x00000200        0x2 localization.o
 .progmem.data.__c.2118
                0x00000202        0xb localization.o
 .progmem.data.__c.2110
                0x0000020d        0x2 localization.o
 .progmem.data.__c.2108
                0x0000020f        0x8 localization.o
 .progmem.data.__c.2084
                0x00000217        0x2 localization.o
 .progmem.data.__c.2082
                0x00000219        0x8 localization.o
 .progmem.data.__c.2080
                0x00000221       0x11 localization.o
 .progmem.data.__c.2078
                0x00000232        0x2 localization.o
 .progmem.data.__c.2076
                0x00000234        0x5 localization.o
 .progmem.data.__c.2074
                0x00000239        0xc localization.o
 .progmem.data.__c.2046
                0x00000245        0x2 localization.o
 .progmem.data.__c.2044
                0x00000247        0x6 localization.o
 .progmem.data.descriptor_list
                0x0000024d       0x2a m_usb.o
 .progmem.data.string3
                0x00000277        0xa m_usb.o
 .progmem.data.string2
                0x00000281        0x8 m_usb.o
 .progmem.data.string1
                0x00000289       0x14 m_usb.o
 .progmem.data.string0
                0x0000029d        0x4 m_usb.o
 .progmem.data.config1_descriptor
                0x000002a1       0x43 m_usb.o
 .progmem.data.device_descriptor
                0x000002e4       0x12 m_usb.o
 .progmem.data.endpoint_config_table
                0x000002f6        0xa m_usb.o
 .progmem.data.__c.2094
                0x00000300        0xb Red.o
 .progmem.data.__c.2091
                0x0000030b        0xa Red.o
 .progmem.data.__c.2088
                0x00000315        0x7 Red.o
 .progmem.data.__c.2085
                0x0000031c        0x8 Red.o
 .progmem.data.__c.2082
                0x00000324        0x8 Red.o
 .progmem.data.__c.2079
                0x0000032c        0x7 Red.o
 .progmem.data.__c.2075
                0x00000333        0xc Red.o
 .progmem.data.__c.2066
                0x0000033f        0x2 Red.o
 .progmem.data.__c.2064
                0x00000341        0x3 Red.o
 .progmem.data.__c.2062
                0x00000344        0x9 Red.o
 .progmem.data.__c.2058
                0x0000034d        0x2 Red.o
 .progmem.data.__c.2056
                0x0000034f        0x3 Red.o
 .progmem.data.__c.2054
                0x00000352       0x13 Red.o
 .progmem.data.__c.2051
                0x00000365        0x2 Red.o
 .progmem.data.__c.2049
                0x00000367        0x3 Red.o
 .progmem.data.__c.2047
                0x0000036a        0x8 Red.o
 .progmem.data.__c.2040
                0x00000372        0x2 Red.o
 .progmem.data.__c.2038
                0x00000374        0x8 Red.o
                0x0000037c                . = ALIGN (0x2)
 *(.jumptables)
 *(.jumptables*)
 *(.lowtext)
 *(.lowtext*)
                0x0000037c                __ctors_start = .
 *(.ctors)
                0x0000037c                __ctors_end = .
                0x0000037c                __dtors_start = .
 *(.dtors)
                0x0000037c                __dtors_end = .
 SORT(*)(.ctors)
 SORT(*)(.dtors)
 *(.init0)
 .init0         0x0000037c        0x0 e:/program files (x86)/atmel/atmel toolchain/avr8 gcc/native/3.4.1061/avr8-gnu-toolchain/bin/../lib/gcc/avr/4.8.1/../../../../avr/lib/avr5/crtm32u4.o
                0x0000037c                __init
 *(.init0)
 *(.init1)
 *(.init1)
 *(.init2)
 .init2         0x0000037c        0xc e:/program files (x86)/atmel/atmel toolchain/avr8 gcc/native/3.4.1061/avr8-gnu-toolchain/bin/../lib/gcc/avr/4.8.1/../../../../avr/lib/avr5/crtm32u4.o
 *(.init2)
 *(.init3)
 *(.init3)
 *(.init4)
 .init4         0x00000388       0x16 e:/program files (x86)/atmel/atmel toolchain/avr8 gcc/native/3.4.1061/avr8-gnu-toolchain/bin/../lib/gcc/avr/4.8.1/avr5\libgcc.a(_copy_data.o)
                0x00000388                __do_copy_data
 .init4         0x0000039e       0x10 e:/program files (x86)/atmel/atmel toolchain/avr8 gcc/native/3.4.1061/avr8-gnu-toolchain/bin/../lib/gcc/avr/4.8.1/avr5\libgcc.a(_clear_bss.o)
                0x0000039e                __do_clear_bss
 *(.init4)
 *(.init5)
 *(.init5)
 *(.init6)
 *(.init6)
 *(.init7)
 *(.init7)
 *(.init8)
 *(.init8)
 *(.init9)
 .init9         0x000003ae        0x8 e:/program files (x86)/atmel/atmel toolchain/avr8 gcc/native/3.4.1061/avr8-gnu-toolchain/bin/../lib/gcc/avr/4.8.1/../../../../avr/lib/avr5/crtm32u4.o
 *(.init9)
 *(.text)
 .text          0x000003b6        0x4 e:/program files (x86)/atmel/atmel toolchain/avr8 gcc/native/3.4.1061/avr8-gnu-toolchain/bin/../lib/gcc/avr/4.8.1/../../../../avr/lib/avr5/crtm32u4.o
                0x000003b6                __vector_38
                0x000003b6                __vector_22
                0x000003b6                __vector_28
                0x000003b6                __vector_1
                0x000003b6                __vector_32
                0x000003b6                __vector_34
                0x000003b6                __vector_24
                0x000003b6                __vector_12
                0x000003b6                __bad_interrupt
                0x000003b6                __vector_6
                0x000003b6                __vector_31
                0x000003b6                __vector_35
                0x000003b6                __vector_39
                0x000003b6                __vector_23
                0x000003b6                __vector_30
                0x000003b6                __vector_25
                0x000003b6                __vector_13
                0x000003b6                __vector_17
                0x000003b6                __vector_19
                0x000003b6                __vector_7
                0x000003b6                __vector_41
                0x000003b6                __vector_27
                0x000003b6                __vector_5
                0x000003b6                __vector_33
                0x000003b6                __vector_37
                0x000003b6                __vector_4
                0x000003b6                __vector_9
                0x000003b6                __vector_2
                0x000003b6                __vector_21
                0x000003b6                __vector_15
                0x000003b6                __vector_36
                0x000003b6                __vector_40
                0x000003b6                __vector_8
                0x000003b6                __vector_26
                0x000003b6                __vector_14
                0x000003b6                __vector_16
                0x000003b6                __vector_18
                0x000003b6                __vector_20
                0x000003b6                __vector_42
                0x000003ba                . = ALIGN (0x2)
 *(.text.*)
 .text.init_ADC
                0x000003ba       0x98 findPuck.o
                0x000003ba                init_ADC
 .text.PID_Pho  0x00000452      0x1a4 findPuck.o
                0x00000452                PID_Pho
 .text.PID_stalk
                0x000005f6      0x122 findPuck.o
                0x000005f6                PID_stalk
 .text.findPuck
                0x00000718      0x3dc findPuck.o
                0x00000718                findPuck
 .text.__vector_29
                0x00000af4      0x20e findPuck.o
                0x00000af4                __vector_29
 .text.deterState
                0x00000d02       0x4e findPuck.o
                0x00000d02                deterState
 .text.ifGotoPuck
                0x00000d50       0x46 findPuck.o
                0x00000d50                ifGotoPuck
 .text.find_sign
                0x00000d96      0x1c8 localization.o
                0x00000d96                find_sign
 .text.cal_angle
                0x00000f5e      0x218 localization.o
                0x00000f5e                cal_angle
 .text.PID_alpha
                0x00001176      0x278 localization.o
                0x00001176                PID_alpha
 .text.PID_p2p  0x000013ee      0x278 localization.o
                0x000013ee                PID_p2p
 .text.find_if_reach
                0x00001666       0x70 localization.o
                0x00001666                find_if_reach
 .text.localization
                0x000016d6      0xe7c localization.o
                0x000016d6                localization
 .text.m_bus_init
                0x00002552       0x22 m_bus.o
                0x00002552                m_bus_init
 .text.m_rf_open
                0x00002574       0xac m_rf.o
                0x00002574                m_rf_open
 .text.m_rf_read
                0x00002620       0xd0 m_rf.o
                0x00002620                m_rf_read
 .text.m_usb_init
                0x000026f0       0x32 m_usb.o
                0x000026f0                m_usb_init
 .text.m_usb_tx_char
                0x00002722       0xb6 m_usb.o
                0x00002722                m_usb_tx_char
 .text.__vector_10
                0x000027d8       0x7c m_usb.o
                0x000027d8                __vector_10
 .text.__vector_11
                0x00002854      0x30a m_usb.o
                0x00002854                __vector_11
 .text.print_P  0x00002b5e       0x34 m_usb.o
                0x00002b5e                print_P
 .text.m_usb_tx_int
                0x00002b92       0x68 m_usb.o
                0x00002b92                m_usb_tx_int
 .text.twi_wait
                0x00002bfa       0x26 m_wii.o
                0x00002bfa                twi_wait
 .text.send_byte
                0x00002c20       0x1a m_wii.o
                0x00002c20                send_byte
 .text.start_write
                0x00002c3a       0x2e m_wii.o
                0x00002c3a                start_write
 .text.m_wii_open
                0x00002c68      0x212 m_wii.o
                0x00002c68                m_wii_open
 .text.start_read
                0x00002e7a       0x30 m_wii.o
                0x00002e7a                start_read
 .text.m_wii_read
                0x00002eaa      0x13e m_wii.o
                0x00002eaa                m_wii_read
 .text.__vector_3
                0x00002fe8      0x270 Red.o
                0x00002fe8                __vector_3
 .text.init_timer
                0x00003258       0x74 Red.o
                0x00003258                init_timer
 .text.main     0x000032cc      0x2f6 Red.o
                0x000032cc                main
 .text.avr-libc.fplib
                0x000035c2       0x1c e:/program files (x86)/atmel/atmel toolchain/avr8 gcc/native/3.4.1061/avr8-gnu-toolchain/bin/../lib/gcc/avr/4.8.1/../../../../avr/lib/avr5\libm.a(acos.o)
                0x000035c2                acos
 .text.avr-libc.fplib
                0x000035de        0xa e:/program files (x86)/atmel/atmel toolchain/avr8 gcc/native/3.4.1061/avr8-gnu-toolchain/bin/../lib/gcc/avr/4.8.1/../../../../avr/lib/avr5\libm.a(addsf3.o)
                0x000035de                __subsf3
                0x000035e0                __addsf3
 .text.avr-libc.fplib
                0x000035e8       0xc0 e:/program files (x86)/atmel/atmel toolchain/avr8 gcc/native/3.4.1061/avr8-gnu-toolchain/bin/../lib/gcc/avr/4.8.1/../../../../avr/lib/avr5\libm.a(addsf3x.o)
                0x00003602                __addsf3x
 .text.avr-libc.fplib
                0x000036a8        0x8 e:/program files (x86)/atmel/atmel toolchain/avr8 gcc/native/3.4.1061/avr8-gnu-toolchain/bin/../lib/gcc/avr/4.8.1/../../../../avr/lib/avr5\libm.a(cmpsf2.o)
                0x000036a8                __nesf2
                0x000036a8                __eqsf2
                0x000036a8                __cmpsf2
                0x000036a8                __ltsf2
                0x000036a8                __lesf2
 .text.avr-libc.fplib
                0x000036b0        0x4 e:/program files (x86)/atmel/atmel toolchain/avr8 gcc/native/3.4.1061/avr8-gnu-toolchain/bin/../lib/gcc/avr/4.8.1/../../../../avr/lib/avr5\libm.a(divsf3.o)
                0x000036b0                __divsf3
 .text.avr-libc.fplib
                0x000036b4       0xcc e:/program files (x86)/atmel/atmel toolchain/avr8 gcc/native/3.4.1061/avr8-gnu-toolchain/bin/../lib/gcc/avr/4.8.1/../../../../avr/lib/avr5\libm.a(divsf3x.o)
                0x000036ca                __divsf3x
                0x000036ce                __divsf3_pse
 .text.avr-libc.fplib
                0x00003780        0xa e:/program files (x86)/atmel/atmel toolchain/avr8 gcc/native/3.4.1061/avr8-gnu-toolchain/bin/../lib/gcc/avr/4.8.1/../../../../avr/lib/avr5\libm.a(fixsfsi.o)
                0x00003780                __fixsfsi
 .text.avr-libc.fplib
                0x0000378a       0x58 e:/program files (x86)/atmel/atmel toolchain/avr8 gcc/native/3.4.1061/avr8-gnu-toolchain/bin/../lib/gcc/avr/4.8.1/../../../../avr/lib/avr5\libm.a(fixunssfsi.o)
                0x0000378a                __fixunssfsi
 .text.avr-libc.fplib
                0x000037e2       0x7a e:/program files (x86)/atmel/atmel toolchain/avr8 gcc/native/3.4.1061/avr8-gnu-toolchain/bin/../lib/gcc/avr/4.8.1/../../../../avr/lib/avr5\libm.a(floatsisf.o)
                0x000037e2                __floatunsisf
                0x000037e6                __floatsisf
 .text.avr-libc.fplib
                0x0000385c       0x36 e:/program files (x86)/atmel/atmel toolchain/avr8 gcc/native/3.4.1061/avr8-gnu-toolchain/bin/../lib/gcc/avr/4.8.1/../../../../avr/lib/avr5\libm.a(fp_arccos.o)
                0x0000385c                __fp_arccos
 .text.avr-libc.fplib
                0x00003892       0x48 e:/program files (x86)/atmel/atmel toolchain/avr8 gcc/native/3.4.1061/avr8-gnu-toolchain/bin/../lib/gcc/avr/4.8.1/../../../../avr/lib/avr5\libm.a(fp_cmp.o)
                0x00003892                __fp_cmp
 .text.avr-libc.fplib
                0x000038da        0xc e:/program files (x86)/atmel/atmel toolchain/avr8 gcc/native/3.4.1061/avr8-gnu-toolchain/bin/../lib/gcc/avr/4.8.1/../../../../avr/lib/avr5\libm.a(fp_inf.o)
                0x000038da                __fp_inf
 .text.avr-libc.fplib
                0x000038e6        0x6 e:/program files (x86)/atmel/atmel toolchain/avr8 gcc/native/3.4.1061/avr8-gnu-toolchain/bin/../lib/gcc/avr/4.8.1/../../../../avr/lib/avr5\libm.a(fp_nan.o)
                0x000038e6                __fp_nan
 .text.avr-libc.fplib
                0x000038ec       0x4a e:/program files (x86)/atmel/atmel toolchain/avr8 gcc/native/3.4.1061/avr8-gnu-toolchain/bin/../lib/gcc/avr/4.8.1/../../../../avr/lib/avr5\libm.a(fp_powser.o)
                0x000038ec                __fp_powser
 .text.avr-libc.fplib
                0x00003936        0xe e:/program files (x86)/atmel/atmel toolchain/avr8 gcc/native/3.4.1061/avr8-gnu-toolchain/bin/../lib/gcc/avr/4.8.1/../../../../avr/lib/avr5\libm.a(fp_pscA.o)
                0x00003936                __fp_pscA
 .text.avr-libc.fplib
                0x00003944        0xe e:/program files (x86)/atmel/atmel toolchain/avr8 gcc/native/3.4.1061/avr8-gnu-toolchain/bin/../lib/gcc/avr/4.8.1/../../../../avr/lib/avr5\libm.a(fp_pscB.o)
                0x00003944                __fp_pscB
 .text.avr-libc.fplib
                0x00003952       0x22 e:/program files (x86)/atmel/atmel toolchain/avr8 gcc/native/3.4.1061/avr8-gnu-toolchain/bin/../lib/gcc/avr/4.8.1/../../../../avr/lib/avr5\libm.a(fp_round.o)
                0x00003952                __fp_round
 .text.avr-libc.fplib
                0x00003974       0x44 e:/program files (x86)/atmel/atmel toolchain/avr8 gcc/native/3.4.1061/avr8-gnu-toolchain/bin/../lib/gcc/avr/4.8.1/../../../../avr/lib/avr5\libm.a(fp_split3.o)
                0x00003974                __fp_split3
                0x00003984                __fp_splitA
 .text.avr-libc.fplib
                0x000039b8        0xe e:/program files (x86)/atmel/atmel toolchain/avr8 gcc/native/3.4.1061/avr8-gnu-toolchain/bin/../lib/gcc/avr/4.8.1/../../../../avr/lib/avr5\libm.a(fp_zero.o)
                0x000039b8                __fp_zero
                0x000039ba                __fp_szero
 .text.avr-libc.fplib
                0x000039c6        0x8 e:/program files (x86)/atmel/atmel toolchain/avr8 gcc/native/3.4.1061/avr8-gnu-toolchain/bin/../lib/gcc/avr/4.8.1/../../../../avr/lib/avr5\libm.a(gesf2.o)
                0x000039c6                __gesf2
                0x000039c6                __gtsf2
 .text.avr-libc.fplib
                0x000039ce        0x4 e:/program files (x86)/atmel/atmel toolchain/avr8 gcc/native/3.4.1061/avr8-gnu-toolchain/bin/../lib/gcc/avr/4.8.1/../../../../avr/lib/avr5\libm.a(mulsf3.o)
                0x000039ce                __mulsf3
 .text.avr-libc.fplib
                0x000039d2       0xc2 e:/program files (x86)/atmel/atmel toolchain/avr8 gcc/native/3.4.1061/avr8-gnu-toolchain/bin/../lib/gcc/avr/4.8.1/../../../../avr/lib/avr5\libm.a(mulsf3x.o)
                0x000039e6                __mulsf3x
                0x000039ea                __mulsf3_pse
 .text.avr-libc.fplib
                0x00003a94       0x84 e:/program files (x86)/atmel/atmel toolchain/avr8 gcc/native/3.4.1061/avr8-gnu-toolchain/bin/../lib/gcc/avr/4.8.1/../../../../avr/lib/avr5\libm.a(sqrt.o)
                0x00003a9c                sqrt
 .text.avr-libc.fplib
                0x00003b18       0x1c e:/program files (x86)/atmel/atmel toolchain/avr8 gcc/native/3.4.1061/avr8-gnu-toolchain/bin/../lib/gcc/avr/4.8.1/../../../../avr/lib/avr5\libm.a(fp_mpack.o)
                0x00003b18                __fp_mpack
                0x00003b1c                __fp_mpack_finite
 .text.avr-libc.fplib
                0x00003b34        0xe e:/program files (x86)/atmel/atmel toolchain/avr8 gcc/native/3.4.1061/avr8-gnu-toolchain/bin/../lib/gcc/avr/4.8.1/../../../../avr/lib/avr5\libm.a(fp_norm2.o)
                0x00003b34                __fp_norm2
 .text.libgcc.div
                0x00003b42       0x28 e:/program files (x86)/atmel/atmel toolchain/avr8 gcc/native/3.4.1061/avr8-gnu-toolchain/bin/../lib/gcc/avr/4.8.1/avr5\libgcc.a(_divmodhi4.o)
                0x00003b42                _div
                0x00003b42                __divmodhi4
 .text.libgcc   0x00003b6a        0xc e:/program files (x86)/atmel/atmel toolchain/avr8 gcc/native/3.4.1061/avr8-gnu-toolchain/bin/../lib/gcc/avr/4.8.1/avr5\libgcc.a(_tablejump.o)
                0x00003b6a                __tablejump2__
                0x00003b6e                __tablejump__
 .text.libgcc.div
                0x00003b76       0x28 e:/program files (x86)/atmel/atmel toolchain/avr8 gcc/native/3.4.1061/avr8-gnu-toolchain/bin/../lib/gcc/avr/4.8.1/avr5\libgcc.a(_udivmodhi4.o)
                0x00003b76                __udivmodhi4
 .text.avr-libc
                0x00003b9e       0x16 e:/program files (x86)/atmel/atmel toolchain/avr8 gcc/native/3.4.1061/avr8-gnu-toolchain/bin/../lib/gcc/avr/4.8.1/../../../../avr/lib/avr5\libc.a(itoa_ncheck.o)
                0x00003b9e                __itoa_ncheck
 .text.avr-libc
                0x00003bb4       0x34 e:/program files (x86)/atmel/atmel toolchain/avr8 gcc/native/3.4.1061/avr8-gnu-toolchain/bin/../lib/gcc/avr/4.8.1/../../../../avr/lib/avr5\libc.a(utoa_ncheck.o)
                0x00003bb4                __utoa_ncheck
                0x00003bb6                __utoa_common
 .text.avr-libc
                0x00003be8       0x20 e:/program files (x86)/atmel/atmel toolchain/avr8 gcc/native/3.4.1061/avr8-gnu-toolchain/bin/../lib/gcc/avr/4.8.1/../../../../avr/lib/avr5\libc.a(strrev.o)
                0x00003be8                strrev
                0x00003c08                . = ALIGN (0x2)
 *(.fini9)
 .fini9         0x00003c08        0x0 e:/program files (x86)/atmel/atmel toolchain/avr8 gcc/native/3.4.1061/avr8-gnu-toolchain/bin/../lib/gcc/avr/4.8.1/avr5\libgcc.a(_exit.o)
                0x00003c08                _exit
                0x00003c08                exit
 *(.fini9)
 *(.fini8)
 *(.fini8)
 *(.fini7)
 *(.fini7)
 *(.fini6)
 *(.fini6)
 *(.fini5)
 *(.fini5)
 *(.fini4)
 *(.fini4)
 *(.fini3)
 *(.fini3)
 *(.fini2)
 *(.fini2)
 *(.fini1)
 *(.fini1)
 *(.fini0)
 .fini0         0x00003c08        0x4 e:/program files (x86)/atmel/atmel toolchain/avr8 gcc/native/3.4.1061/avr8-gnu-toolchain/bin/../lib/gcc/avr/4.8.1/avr5\libgcc.a(_exit.o)
 *(.fini0)
                0x00003c0c                _etext = .

.data           0x00800100       0x3c load address 0x00003c0c
                0x00800100                PROVIDE (__data_start, .)
 *(.data)
 *(.data*)
 .data.speed_diff_Pho
                0x00800100        0x2 findPuck.o
                0x00800100                speed_diff_Pho
 .data.atkThres
                0x00800102        0x2 findPuck.o
                0x00800102                atkThres
 .data.actmax   0x00800104        0xc localization.o
                0x00800104                actmax
 .data.pix2act  0x00800110        0x4 localization.o
                0x00800110                pix2act
 .data.threshold
                0x00800114        0x4 localization.o
                0x00800114                threshold
 .data.speed_diff_p2p
                0x00800118        0x2 localization.o
                0x00800118                speed_diff_p2p
 .data.speed_diff_loc
                0x0080011a        0x2 localization.o
                0x0080011a                speed_diff_loc
 .data.camera_center
                0x0080011c        0x8 localization.o
                0x0080011c                camera_center
 .data.cdc_line_coding
                0x00800124        0x7 m_usb.o
 .data.desPos   0x0080012b        0x8 Red.o
                0x0080012b                desPos
 .data.goal     0x00800133        0x8 Red.o
                0x00800133                goal
 *(.rodata)
 *(.rodata*)
 *(.gnu.linkonce.d*)
                0x0080013c                . = ALIGN (0x2)
 *fill*         0x0080013b        0x1 
                0x0080013c                _edata = .
                0x0080013c                PROVIDE (__data_end, .)

.bss            0x0080013c       0x78
                0x0080013c                PROVIDE (__bss_start, .)
 *(.bss)
 *(.bss*)
 .bss.diff_stalk
                0x0080013c        0x2 findPuck.o
                0x0080013c                diff_stalk
 .bss.diff_Pho  0x0080013e        0x2 findPuck.o
                0x0080013e                diff_Pho
 .bss.sum_Pho   0x00800140        0x2 findPuck.o
                0x00800140                sum_Pho
 .bss.input_last
                0x00800142        0x2 findPuck.o
                0x00800142                input_last
 .bss.i         0x00800144        0x2 findPuck.o
                0x00800144                i
 .bss.Pho       0x00800146        0xe findPuck.o
                0x00800146                Pho
 .bss.gain_loc  0x00800154        0x4 localization.o
                0x00800154                gain_loc
 .bss.diff_loc  0x00800158        0x4 localization.o
                0x00800158                diff_loc
 .bss.alpha_last
                0x0080015c        0x4 localization.o
                0x0080015c                alpha_last
 .bss.alpha     0x00800160        0x4 localization.o
                0x00800160                alpha
 .bss.dir_last  0x00800164        0x8 localization.o
                0x00800164                dir_last
 .bss.c_wii_last
                0x0080016c        0x8 localization.o
                0x0080016c                c_wii_last
 .bss.blobs     0x00800174       0x18 localization.o
                0x00800174                blobs
 .bss.cdc_line_rtsdtr
                0x0080018c        0x1 m_usb.o
 .bss.transmit_previous_timeout
                0x0080018d        0x1 m_usb.o
 .bss.transmit_flush_timer
                0x0080018e        0x1 m_usb.o
 .bss.usb_configuration
                0x0080018f        0x1 m_usb.o
 .bss.dir       0x00800190        0x8 Red.o
                0x00800190                dir
 .bss.c_wii     0x00800198        0x8 Red.o
                0x00800198                c_wii
 .bss.scoreB    0x008001a0        0x2 Red.o
                0x008001a0                scoreB
 .bss.scoreR    0x008001a2        0x2 Red.o
                0x008001a2                scoreR
 .bss.buffer    0x008001a4        0xa Red.o
                0x008001a4                buffer
 *(COMMON)
 COMMON         0x008001ae        0x4 findPuck.o
                0x008001ae                output
                0x008001b0                input
 COMMON         0x008001b2        0x2 Red.o
                0x008001b2                state
                0x008001b4                PROVIDE (__bss_end, .)
                0x00003c0c                __data_load_start = LOADADDR (.data)
                0x00003c48                __data_load_end = (__data_load_start + SIZEOF (.data))

.noinit         0x008001b4        0x0
                0x008001b4                PROVIDE (__noinit_start, .)
 *(.noinit*)
                0x008001b4                PROVIDE (__noinit_end, .)
                0x008001b4                _end = .
                0x008001b4                PROVIDE (__heap_start, .)

.eeprom         0x00810000        0x0
 *(.eeprom*)
                0x00810000                __eeprom_end = .

.fuse
 *(.fuse)
 *(.lfuse)
 *(.hfuse)
 *(.efuse)

.lock
 *(.lock*)

.signature
 *(.signature*)

.user_signatures
 *(.user_signatures*)

.stab
 *(.stab)

.stabstr
 *(.stabstr)

.stab.excl
 *(.stab.excl)

.stab.exclstr
 *(.stab.exclstr)

.stab.index
 *(.stab.index)

.stab.indexstr
 *(.stab.indexstr)

.comment        0x00000000       0x30
 *(.comment)
 .comment       0x00000000       0x30 findPuck.o
                                 0x31 (size before relaxing)
 .comment       0x00000000       0x31 localization.o
 .comment       0x00000000       0x31 m_bus.o
 .comment       0x00000000       0x31 m_rf.o
 .comment       0x00000000       0x31 m_usb.o
 .comment       0x00000000       0x31 m_wii.o
 .comment       0x00000000       0x31 Red.o

.note.gnu.build-id
 *(.note.gnu.build-id)

.debug
 *(.debug)

.line
 *(.line)

.debug_srcinfo
 *(.debug_srcinfo)

.debug_sfnames
 *(.debug_sfnames)

.debug_aranges  0x00000000      0x280
 *(.debug_aranges)
 .debug_aranges
                0x00000000       0x50 findPuck.o
 .debug_aranges
                0x00000050       0x48 localization.o
 .debug_aranges
                0x00000098       0x58 m_bus.o
 .debug_aranges
                0x000000f0       0x30 m_rf.o
 .debug_aranges
                0x00000120       0xe0 m_usb.o
 .debug_aranges
                0x00000200       0x50 m_wii.o
 .debug_aranges
                0x00000250       0x30 Red.o

.debug_pubnames
 *(.debug_pubnames)

.debug_info     0x00000000     0x362f
 *(.debug_info .gnu.linkonce.wi.*)
 .debug_info    0x00000000      0x7a7 findPuck.o
 .debug_info    0x000007a7      0xb4c localization.o
 .debug_info    0x000012f3      0x2fa m_bus.o
 .debug_info    0x000015ed      0x18e m_rf.o
 .debug_info    0x0000177b      0xf8e m_usb.o
 .debug_info    0x00002709      0x6f8 m_wii.o
 .debug_info    0x00002e01      0x82e Red.o

.debug_abbrev   0x00000000      0xbd8
 *(.debug_abbrev)
 .debug_abbrev  0x00000000      0x1af findPuck.o
 .debug_abbrev  0x000001af      0x1ec localization.o
 .debug_abbrev  0x0000039b      0x149 m_bus.o
 .debug_abbrev  0x000004e4       0xb6 m_rf.o
 .debug_abbrev  0x0000059a      0x2bd m_usb.o
 .debug_abbrev  0x00000857      0x1a0 m_wii.o
 .debug_abbrev  0x000009f7      0x1e1 Red.o

.debug_line     0x00000000     0x11bc
 *(.debug_line .debug_line.* .debug_line_end)
 .debug_line    0x00000000      0x1e6 findPuck.o
 .debug_line    0x000001e6      0x246 localization.o
 .debug_line    0x0000042c      0x176 m_bus.o
 .debug_line    0x000005a2      0x19a m_rf.o
 .debug_line    0x0000073c      0x5bb m_usb.o
 .debug_line    0x00000cf7      0x288 m_wii.o
 .debug_line    0x00000f7f      0x23d Red.o

.debug_frame    0x00000000      0x9b0
 *(.debug_frame)
 .debug_frame   0x00000000      0x1c8 findPuck.o
 .debug_frame   0x000001c8      0x248 localization.o
 .debug_frame   0x00000410       0xb8 m_bus.o
 .debug_frame   0x000004c8       0x70 m_rf.o
 .debug_frame   0x00000538      0x334 m_usb.o
 .debug_frame   0x0000086c       0xb8 m_wii.o
 .debug_frame   0x00000924       0x8c Red.o

.debug_str      0x00000000      0x94b
 *(.debug_str)
 .debug_str     0x00000000      0x200 findPuck.o
                                0x248 (size before relaxing)
 .debug_str     0x00000200      0x19f localization.o
                                0x349 (size before relaxing)
 .debug_str     0x0000039f       0x90 m_bus.o
                                0x1ef (size before relaxing)
 .debug_str     0x0000042f       0x61 m_rf.o
                                0x1b9 (size before relaxing)
 .debug_str     0x00000490      0x3d2 m_usb.o
                                0x58f (size before relaxing)
 .debug_str     0x00000862       0x9a m_wii.o
                                0x230 (size before relaxing)
 .debug_str     0x000008fc       0x4f Red.o
                                0x296 (size before relaxing)

.debug_loc      0x00000000     0x402d
 *(.debug_loc)
 .debug_loc     0x00000000      0x6b3 findPuck.o
 .debug_loc     0x000006b3     0x1555 localization.o
 .debug_loc     0x00001c08      0x23b m_bus.o
 .debug_loc     0x00001e43      0x294 m_rf.o
 .debug_loc     0x000020d7     0x1981 m_usb.o
 .debug_loc     0x00003a58      0x4c2 m_wii.o
 .debug_loc     0x00003f1a      0x113 Red.o

.debug_macinfo
 *(.debug_macinfo)

.debug_weaknames
 *(.debug_weaknames)

.debug_funcnames
 *(.debug_funcnames)

.debug_typenames
 *(.debug_typenames)

.debug_varnames
 *(.debug_varnames)

.debug_pubtypes
 *(.debug_pubtypes)

.debug_ranges   0x00000000      0x248
 *(.debug_ranges)
 .debug_ranges  0x00000000       0x40 findPuck.o
 .debug_ranges  0x00000040       0x38 localization.o
 .debug_ranges  0x00000078       0x48 m_bus.o
 .debug_ranges  0x000000c0       0x20 m_rf.o
 .debug_ranges  0x000000e0      0x108 m_usb.o
 .debug_ranges  0x000001e8       0x40 m_wii.o
 .debug_ranges  0x00000228       0x20 Red.o

.debug_macro
 *(.debug_macro)
OUTPUT(Red.elf elf32-avr)
LOAD linker stubs
